Component: ARM Compiler 5.06 update 5 (build 528) Tool: armlink [4d35e2]

==============================================================================

Section Cross References

    startup_stm32f10x_md.o(RESET) refers to startup_stm32f10x_md.o(STACK) for __initial_sp
    startup_stm32f10x_md.o(RESET) refers to startup_stm32f10x_md.o(.text) for Reset_Handler
    startup_stm32f10x_md.o(RESET) refers to stm32f10x_it.o(i.NMI_Handler) for NMI_Handler
    startup_stm32f10x_md.o(RESET) refers to stm32f10x_it.o(i.HardFault_Handler) for HardFault_Handler
    startup_stm32f10x_md.o(RESET) refers to stm32f10x_it.o(i.MemManage_Handler) for MemManage_Handler
    startup_stm32f10x_md.o(RESET) refers to stm32f10x_it.o(i.BusFault_Handler) for BusFault_Handler
    startup_stm32f10x_md.o(RESET) refers to stm32f10x_it.o(i.UsageFault_Handler) for UsageFault_Handler
    startup_stm32f10x_md.o(RESET) refers to stm32f10x_it.o(i.SVC_Handler) for SVC_Handler
    startup_stm32f10x_md.o(RESET) refers to stm32f10x_it.o(i.DebugMon_Handler) for DebugMon_Handler
    startup_stm32f10x_md.o(RESET) refers to stm32f10x_it.o(i.PendSV_Handler) for PendSV_Handler
    startup_stm32f10x_md.o(RESET) refers to stm32f10x_it.o(i.SysTick_Handler) for SysTick_Handler
    startup_stm32f10x_md.o(RESET) refers to serial.o(i.USART1_IRQHandler) for USART1_IRQHandler
    startup_stm32f10x_md.o(RESET) refers to webandgps.o(i.USART2_IRQHandler) for USART2_IRQHandler
    startup_stm32f10x_md.o(RESET) refers to bluetooth.o(i.USART3_IRQHandler) for USART3_IRQHandler
    startup_stm32f10x_md.o(.text) refers to system_stm32f10x.o(i.SystemInit) for SystemInit
    startup_stm32f10x_md.o(.text) refers to entry.o(.ARM.Collect$$$$00000000) for __main
    system_stm32f10x.o(i.SetSysClock) refers to system_stm32f10x.o(i.SetSysClockTo72) for SetSysClockTo72
    system_stm32f10x.o(i.SystemCoreClockUpdate) refers to system_stm32f10x.o(.data) for SystemCoreClock
    system_stm32f10x.o(i.SystemInit) refers to system_stm32f10x.o(i.SetSysClock) for SetSysClock
    stm32f10x_adc.o(i.ADC_DeInit) refers to stm32f10x_rcc.o(i.RCC_APB2PeriphResetCmd) for RCC_APB2PeriphResetCmd
    stm32f10x_bkp.o(i.BKP_DeInit) refers to stm32f10x_rcc.o(i.RCC_BackupResetCmd) for RCC_BackupResetCmd
    stm32f10x_can.o(i.CAN_DeInit) refers to stm32f10x_rcc.o(i.RCC_APB1PeriphResetCmd) for RCC_APB1PeriphResetCmd
    stm32f10x_can.o(i.CAN_GetITStatus) refers to stm32f10x_can.o(i.CheckITStatus) for CheckITStatus
    stm32f10x_cec.o(i.CEC_DeInit) refers to stm32f10x_rcc.o(i.RCC_APB1PeriphResetCmd) for RCC_APB1PeriphResetCmd
    stm32f10x_dac.o(i.DAC_DeInit) refers to stm32f10x_rcc.o(i.RCC_APB1PeriphResetCmd) for RCC_APB1PeriphResetCmd
    stm32f10x_flash.o(i.FLASH_EnableWriteProtection) refers to stm32f10x_flash.o(i.FLASH_WaitForLastOperation) for FLASH_WaitForLastOperation
    stm32f10x_flash.o(i.FLASH_EraseAllBank1Pages) refers to stm32f10x_flash.o(i.FLASH_WaitForLastBank1Operation) for FLASH_WaitForLastBank1Operation
    stm32f10x_flash.o(i.FLASH_EraseAllPages) refers to stm32f10x_flash.o(i.FLASH_WaitForLastOperation) for FLASH_WaitForLastOperation
    stm32f10x_flash.o(i.FLASH_EraseOptionBytes) refers to stm32f10x_flash.o(i.FLASH_GetReadOutProtectionStatus) for FLASH_GetReadOutProtectionStatus
    stm32f10x_flash.o(i.FLASH_EraseOptionBytes) refers to stm32f10x_flash.o(i.FLASH_WaitForLastOperation) for FLASH_WaitForLastOperation
    stm32f10x_flash.o(i.FLASH_ErasePage) refers to stm32f10x_flash.o(i.FLASH_WaitForLastOperation) for FLASH_WaitForLastOperation
    stm32f10x_flash.o(i.FLASH_ProgramHalfWord) refers to stm32f10x_flash.o(i.FLASH_WaitForLastOperation) for FLASH_WaitForLastOperation
    stm32f10x_flash.o(i.FLASH_ProgramOptionByteData) refers to stm32f10x_flash.o(i.FLASH_WaitForLastOperation) for FLASH_WaitForLastOperation
    stm32f10x_flash.o(i.FLASH_ProgramWord) refers to stm32f10x_flash.o(i.FLASH_WaitForLastOperation) for FLASH_WaitForLastOperation
    stm32f10x_flash.o(i.FLASH_ReadOutProtection) refers to stm32f10x_flash.o(i.FLASH_WaitForLastOperation) for FLASH_WaitForLastOperation
    stm32f10x_flash.o(i.FLASH_UserOptionByteConfig) refers to stm32f10x_flash.o(i.FLASH_WaitForLastOperation) for FLASH_WaitForLastOperation
    stm32f10x_flash.o(i.FLASH_WaitForLastBank1Operation) refers to stm32f10x_flash.o(i.FLASH_GetBank1Status) for FLASH_GetBank1Status
    stm32f10x_flash.o(i.FLASH_WaitForLastOperation) refers to stm32f10x_flash.o(i.FLASH_GetBank1Status) for FLASH_GetBank1Status
    stm32f10x_gpio.o(i.GPIO_AFIODeInit) refers to stm32f10x_rcc.o(i.RCC_APB2PeriphResetCmd) for RCC_APB2PeriphResetCmd
    stm32f10x_gpio.o(i.GPIO_DeInit) refers to stm32f10x_rcc.o(i.RCC_APB2PeriphResetCmd) for RCC_APB2PeriphResetCmd
    stm32f10x_i2c.o(i.I2C_DeInit) refers to stm32f10x_rcc.o(i.RCC_APB1PeriphResetCmd) for RCC_APB1PeriphResetCmd
    stm32f10x_i2c.o(i.I2C_Init) refers to stm32f10x_rcc.o(i.RCC_GetClocksFreq) for RCC_GetClocksFreq
[...]
    Removing stm32f10x_fsmc.o(i.FSMC_PCCARDCmd), (48 bytes).
    Removing stm32f10x_fsmc.o(i.FSMC_PCCARDDeInit), (40 bytes).
    Removing stm32f10x_fsmc.o(i.FSMC_PCCARDInit), (132 bytes).
    Removing stm32f10x_fsmc.o(i.FSMC_PCCARDStructInit), (60 bytes).
    Removing stm32f10x_gpio.o(i.GPIO_AFIODeInit), (20 bytes).
    Removing stm32f10x_gpio.o(i.GPIO_DeInit), (200 bytes).
    Removing stm32f10x_gpio.o(i.GPIO_ETH_MediaInterfaceConfig), (12 bytes).
    Removing stm32f10x_gpio.o(i.GPIO_EXTILineConfig), (64 bytes).
    Removing stm32f10x_gpio.o(i.GPIO_EventOutputCmd), (12 bytes).
    Removing stm32f10x_gpio.o(i.GPIO_EventOutputConfig), (32 bytes).
    Removing stm32f10x_gpio.o(i.GPIO_PinLockConfig), (18 bytes).
    Removing stm32f10x_gpio.o(i.GPIO_PinRemapConfig), (144 bytes).
    Removing stm32f10x_gpio.o(i.GPIO_ReadInputData), (8 bytes).
    Removing stm32f10x_gpio.o(i.GPIO_ReadOutputData), (8 bytes).
    Removing stm32f10x_gpio.o(i.GPIO_ReadOutputDataBit), (18 bytes).
    Removing stm32f10x_gpio.o(i.GPIO_StructInit), (16 bytes).
    Removing stm32f10x_gpio.o(i.GPIO_Write), (4 bytes).
    Removing stm32f10x_i2c.o(i.I2C_ARPCmd), (24 bytes).
    Removing stm32f10x_i2c.o(i.I2C_AcknowledgeConfig), (24 bytes).
    Removing stm32f10x_i2c.o(i.I2C_CalculatePEC), (24 bytes).
    Removing stm32f10x_i2c.o(i.I2C_CheckEvent), (42 bytes).
    Removing stm32f10x_i2c.o(i.I2C_ClearFlag), (12 bytes).
    Removing stm32f10x_i2c.o(i.I2C_ClearITPendingBit), (12 bytes).
    Removing stm32f10x_i2c.o(i.I2C_Cmd), (24 bytes).
    Removing stm32f10x_i2c.o(i.I2C_DMACmd), (24 bytes).
    Removing stm32f10x_i2c.o(i.I2C_DMALastTransferCmd), (24 bytes).
    Removing stm32f10x_i2c.o(i.I2C_DeInit), (56 bytes).
    Removing stm32f10x_i2c.o(i.I2C_DualAddressCmd), (24 bytes).
    Removing stm32f10x_i2c.o(i.I2C_FastModeDutyCycleConfig), (28 bytes).
    Removing stm32f10x_i2c.o(i.I2C_GeneralCallCmd), (24 bytes).
    Removing stm32f10x_i2c.o(i.I2C_GenerateSTART), (24 bytes).
    Removing stm32f10x_i2c.o(i.I2C_GenerateSTOP), (24 bytes).
    Removing stm32f10x_i2c.o(i.I2C_GetFlagStatus), (58 bytes).
    Removing stm32f10x_i2c.o(i.I2C_GetITStatus), (38 bytes).
    Removing stm32f10x_i2c.o(i.I2C_GetLastEvent), (26 bytes).
    Removing stm32f10x_i2c.o(i.I2C_GetPEC), (8 bytes).
    Removing stm32f10x_i2c.o(i.I2C_ITConfig), (18 bytes).
    Removing stm32f10x_i2c.o(i.I2C_Init), (236 bytes).
    Removing stm32f10x_i2c.o(i.I2C_NACKPositionConfig), (28 bytes).
    Removing stm32f10x_i2c.o(i.I2C_OwnAddress2Config), (22 bytes).
    Removing stm32f10x_i2c.o(i.I2C_PECPositionConfig), (28 bytes).
    Removing stm32f10x_i2c.o(i.I2C_ReadRegister), (22 bytes).
    Removing stm32f10x_i2c.o(i.I2C_ReceiveData), (8 bytes).
    Removing stm32f10x_i2c.o(i.I2C_SMBusAlertConfig), (28 bytes).
    Removing stm32f10x_i2c.o(i.I2C_Send7bitAddress), (18 bytes).
    Removing stm32f10x_i2c.o(i.I2C_SendData), (4 bytes).
    Removing stm32f10x_i2c.o(i.I2C_SoftwareResetCmd), (22 bytes).
    Removing stm32f10x_i2c.o(i.I2C_StretchClockCmd), (24 bytes).
    Removing stm32f10x_i2c.o(i.I2C_StructInit), (30 bytes).
    Removing stm32f10x_i2c.o(i.I2C_TransmitPEC), (24 bytes).
    Removing stm32f10x_iwdg.o(i.IWDG_Enable), (16 bytes).
    Removing stm32f10x_iwdg.o(i.IWDG_GetFlagStatus), (24 bytes).
    Removing stm32f10x_iwdg.o(i.IWDG_ReloadCounter), (16 bytes).
    Removing stm32f10x_iwdg.o(i.IWDG_SetPrescaler), (12 bytes).
    Removing stm32f10x_iwdg.o(i.IWDG_SetReload), (12 bytes).
    Removing stm32f10x_iwdg.o(i.IWDG_WriteAccessCmd), (12 bytes).
    Removing stm32f10x_pwr.o(i.PWR_BackupAccessCmd), (12 bytes).
    Removing stm32f10x_pwr.o(i.PWR_ClearFlag), (20 bytes).
    Removing stm32f10x_pwr.o(i.PWR_DeInit), (22 bytes).
    Removing stm32f10x_pwr.o(i.PWR_EnterSTANDBYMode), (52 bytes).
    Removing stm32f10x_pwr.o(i.PWR_EnterSTOPMode), (64 bytes).
    Removing stm32f10x_pwr.o(i.PWR_GetFlagStatus), (24 bytes).
    Removing stm32f10x_pwr.o(i.PWR_PVDCmd), (12 bytes).
    Removing stm32f10x_pwr.o(i.PWR_PVDLevelConfig), (24 bytes).
    Removing stm32f10x_pwr.o(i.PWR_WakeUpPinCmd), (12 bytes).
    Removing stm32f10x_rcc.o(i.RCC_AHBPeriphClockCmd), (32 bytes).
    Removing stm32f10x_rcc.o(i.RCC_APB1PeriphResetCmd), (32 bytes).
    Removing stm32f10x_rcc.o(i.RCC_APB2PeriphResetCmd), (32 bytes).
    Removing stm32f10x_rcc.o(i.RCC_AdjustHSICalibrationValue), (24 bytes).
    Removing stm32f10x_rcc.o(i.RCC_BackupResetCmd), (12 bytes).
    Removing stm32f10x_rcc.o(i.RCC_ClearFlag), (20 bytes).
    Removing stm32f10x_rcc.o(i.RCC_ClearITPendingBit), (12 bytes).
    Removing stm32f10x_rcc.o(i.RCC_ClockSecuritySystemCmd), (12 bytes).
    Removing stm32f10x_rcc.o(i.RCC_DeInit), (76 bytes).
    Removing stm32f10x_rcc.o(i.RCC_GetFlagStatus), (60 bytes).
    Removing stm32f10x_rcc.o(i.RCC_GetITStatus), (24 bytes).
    Removing stm32f10x_rcc.o(i.RCC_GetSYSCLKSource), (16 bytes).
    Removing stm32f10x_rcc.o(i.RCC_HCLKConfig), (24 bytes).
    Removing stm32f10x_rcc.o(i.RCC_HSEConfig), (76 bytes).
    Removing stm32f10x_rcc.o(i.RCC_HSICmd), (12 bytes).
    Removing stm32f10x_rcc.o(i.RCC_ITConfig), (32 bytes).
    Removing stm32f10x_rcc.o(i.RCC_LSEConfig), (52 bytes).
    Removing stm32f10x_rcc.o(i.RCC_LSICmd), (12 bytes).
    Removing stm32f10x_rcc.o(i.RCC_MCOConfig), (12 bytes).
    Removing stm32f10x_rcc.o(i.RCC_PCLK1Config), (24 bytes).
    Removing stm32f10x_rcc.o(i.RCC_PCLK2Config), (24 bytes).
    Removing stm32f10x_rcc.o(i.RCC_PLLCmd), (12 bytes).
    Removing stm32f10x_rcc.o(i.RCC_PLLConfig), (28 bytes).
    Removing stm32f10x_rcc.o(i.RCC_RTCCLKCmd), (12 bytes).
    Removing stm32f10x_rcc.o(i.RCC_RTCCLKConfig), (16 bytes).
    Removing stm32f10x_rcc.o(i.RCC_SYSCLKConfig), (24 bytes).
    Removing stm32f10x_rcc.o(i.RCC_USBCLKConfig), (12 bytes).
    Removing stm32f10x_rcc.o(i.RCC_WaitForHSEStartUp), (56 bytes).
    Removing stm32f10x_rtc.o(i.RTC_ClearFlag), (16 bytes).
    Removing stm32f10x_rtc.o(i.RTC_ClearITPendingBit), (16 bytes).
    Removing stm32f10x_rtc.o(i.RTC_EnterConfigMode), (20 bytes).
    Removing stm32f10x_rtc.o(i.RTC_ExitConfigMode), (20 bytes).
    Removing stm32f10x_rtc.o(i.RTC_GetCounter), (20 bytes).
    Removing stm32f10x_rtc.o(i.RTC_GetDivider), (24 bytes).
    Removing stm32f10x_rtc.o(i.RTC_GetFlagStatus), (24 bytes).
    Removing stm32f10x_rtc.o(i.RTC_GetITStatus), (36 bytes).
    Removing stm32f10x_rtc.o(i.RTC_ITConfig), (32 bytes).
    Removing stm32f10x_rtc.o(i.RTC_SetAlarm), (28 bytes).
    Removing stm32f10x_rtc.o(i.RTC_SetCounter), (28 bytes).
    Removing stm32f10x_rtc.o(i.RTC_SetPrescaler), (32 bytes).
    Removing stm32f10x_rtc.o(i.RTC_WaitForLastTask), (20 bytes).
    Removing stm32f10x_rtc.o(i.RTC_WaitForSynchro), (36 bytes).
    Removing stm32f10x_sdio.o(i.SDIO_CEATAITCmd), (16 bytes).
    Removing stm32f10x_sdio.o(i.SDIO_ClearFlag), (12 bytes).
    Removing stm32f10x_sdio.o(i.SDIO_ClearITPendingBit), (12 bytes).
    Removing stm32f10x_sdio.o(i.SDIO_ClockCmd), (12 bytes).
    Removing stm32f10x_sdio.o(i.SDIO_CmdStructInit), (14 bytes).
    Removing stm32f10x_sdio.o(i.SDIO_CommandCompletionCmd), (12 bytes).
    Removing stm32f10x_sdio.o(i.SDIO_DMACmd), (12 bytes).
    Removing stm32f10x_sdio.o(i.SDIO_DataConfig), (48 bytes).
    Removing stm32f10x_sdio.o(i.SDIO_DataStructInit), (20 bytes).
    Removing stm32f10x_sdio.o(i.SDIO_DeInit), (36 bytes).
    Removing stm32f10x_sdio.o(i.SDIO_GetCommandResponse), (12 bytes).
    Removing stm32f10x_sdio.o(i.SDIO_GetDataCounter), (12 bytes).
    Removing stm32f10x_sdio.o(i.SDIO_GetFIFOCount), (12 bytes).
    Removing stm32f10x_sdio.o(i.SDIO_GetFlagStatus), (24 bytes).
    Removing stm32f10x_sdio.o(i.SDIO_GetITStatus), (24 bytes).
    Removing stm32f10x_sdio.o(i.SDIO_GetPowerState), (16 bytes).
    Removing stm32f10x_sdio.o(i.SDIO_GetResponse), (24 bytes).
    Removing stm32f10x_sdio.o(i.SDIO_ITConfig), (32 bytes).
    Removing stm32f10x_sdio.o(i.SDIO_Init), (48 bytes).
    Removing stm32f10x_sdio.o(i.SDIO_ReadData), (12 bytes).
    Removing stm32f10x_sdio.o(i.SDIO_SendCEATACmd), (12 bytes).
    Removing stm32f10x_sdio.o(i.SDIO_SendCommand), (44 bytes).
    Removing stm32f10x_sdio.o(i.SDIO_SendSDIOSuspendCmd), (12 bytes).
    Removing stm32f10x_sdio.o(i.SDIO_SetPowerState), (28 bytes).
    Removing stm32f10x_sdio.o(i.SDIO_SetSDIOOperation), (12 bytes).
    Removing stm32f10x_sdio.o(i.SDIO_SetSDIOReadWaitMode), (12 bytes).
    Removing stm32f10x_sdio.o(i.SDIO_StartSDIOReadWait), (12 bytes).
    Removing stm32f10x_sdio.o(i.SDIO_StopSDIOReadWait), (12 bytes).
    Removing stm32f10x_sdio.o(i.SDIO_StructInit), (16 bytes).
    Removing stm32f10x_sdio.o(i.SDIO_WriteData), (12 bytes).
    Removing stm32f10x_spi.o(i.I2S_Cmd), (24 bytes).
    Removing stm32f10x_spi.o(i.I2S_Init), (232 bytes).
    Removing stm32f10x_spi.o(i.I2S_StructInit), (20 bytes).
    Removing stm32f10x_spi.o(i.SPI_BiDirectionalLineConfig), (28 bytes).
    Removing stm32f10x_spi.o(i.SPI_CalculateCRC), (24 bytes).
    Removing stm32f10x_spi.o(i.SPI_Cmd), (24 bytes).
    Removing stm32f10x_spi.o(i.SPI_DataSizeConfig), (18 bytes).
    Removing stm32f10x_spi.o(i.SPI_GetCRC), (16 bytes).
    Removing stm32f10x_spi.o(i.SPI_GetCRCPolynomial), (6 bytes).
    Removing stm32f10x_spi.o(i.SPI_I2S_ClearFlag), (6 bytes).
    Removing stm32f10x_spi.o(i.SPI_I2S_ClearITPendingBit), (20 bytes).
    Removing stm32f10x_spi.o(i.SPI_I2S_DMACmd), (18 bytes).
    Removing stm32f10x_spi.o(i.SPI_I2S_DeInit), (88 bytes).
    Removing stm32f10x_spi.o(i.SPI_I2S_GetFlagStatus), (18 bytes).
    Removing stm32f10x_spi.o(i.SPI_I2S_GetITStatus), (52 bytes).
    Removing stm32f10x_spi.o(i.SPI_I2S_ITConfig), (32 bytes).
    Removing stm32f10x_spi.o(i.SPI_I2S_ReceiveData), (6 bytes).
    Removing stm32f10x_spi.o(i.SPI_I2S_SendData), (4 bytes).
    Removing stm32f10x_spi.o(i.SPI_Init), (60 bytes).
    Removing stm32f10x_spi.o(i.SPI_NSSInternalSoftwareConfig), (30 bytes).
    Removing stm32f10x_spi.o(i.SPI_SSOutputCmd), (24 bytes).
    Removing stm32f10x_spi.o(i.SPI_StructInit), (24 bytes).
    Removing stm32f10x_spi.o(i.SPI_TransmitCRC), (10 bytes).
    Removing stm32f10x_tim.o(i.TI1_Config), (128 bytes).
    Removing stm32f10x_tim.o(i.TI2_Config), (152 bytes).
    Removing stm32f10x_tim.o(i.TI3_Config), (144 bytes).
    Removing stm32f10x_tim.o(i.TI4_Config), (152 bytes).
    Removing stm32f10x_tim.o(i.TIM_ARRPreloadConfig), (24 bytes).
    Removing stm32f10x_tim.o(i.TIM_BDTRConfig), (32 bytes).
    Removing stm32f10x_tim.o(i.TIM_BDTRStructInit), (18 bytes).
    Removing stm32f10x_tim.o(i.TIM_CCPreloadControl), (24 bytes).
    Removing stm32f10x_tim.o(i.TIM_CCxCmd), (30 bytes).
    Removing stm32f10x_tim.o(i.TIM_CCxNCmd), (30 bytes).
    Removing stm32f10x_tim.o(i.TIM_ClearFlag), (6 bytes).
    Removing stm32f10x_tim.o(i.TIM_ClearITPendingBit), (6 bytes).
    Removing stm32f10x_tim.o(i.TIM_ClearOC1Ref), (18 bytes).
    Removing stm32f10x_tim.o(i.TIM_ClearOC2Ref), (24 bytes).
    Removing stm32f10x_tim.o(i.TIM_ClearOC3Ref), (18 bytes).
    Removing stm32f10x_tim.o(i.TIM_ClearOC4Ref), (24 bytes).
    Removing stm32f10x_tim.o(i.TIM_Cmd), (24 bytes).
    Removing stm32f10x_tim.o(i.TIM_CounterModeConfig), (18 bytes).
    Removing stm32f10x_tim.o(i.TIM_CtrlPWMOutputs), (30 bytes).
    Removing stm32f10x_tim.o(i.TIM_DMACmd), (18 bytes).
    Removing stm32f10x_tim.o(i.TIM_DMAConfig), (10 bytes).
    Removing stm32f10x_tim.o(i.TIM_DeInit), (488 bytes).
    Removing stm32f10x_tim.o(i.TIM_ETRClockMode1Config), (54 bytes).
    Removing stm32f10x_tim.o(i.TIM_ETRClockMode2Config), (32 bytes).
    Removing stm32f10x_tim.o(i.TIM_ETRConfig), (28 bytes).
    Removing stm32f10x_tim.o(i.TIM_EncoderInterfaceConfig), (66 bytes).
    Removing stm32f10x_tim.o(i.TIM_ForcedOC1Config), (18 bytes).
    Removing stm32f10x_tim.o(i.TIM_ForcedOC2Config), (26 bytes).
    Removing stm32f10x_tim.o(i.TIM_ForcedOC3Config), (18 bytes).
    Removing stm32f10x_tim.o(i.TIM_ForcedOC4Config), (26 bytes).
    Removing stm32f10x_tim.o(i.TIM_GenerateEvent), (4 bytes).
    Removing stm32f10x_tim.o(i.TIM_GetCapture1), (6 bytes).
    Removing stm32f10x_tim.o(i.TIM_GetCapture2), (6 bytes).
    Removing stm32f10x_tim.o(i.TIM_GetCapture3), (6 bytes).
    Removing stm32f10x_tim.o(i.TIM_GetCapture4), (8 bytes).
    Removing stm32f10x_tim.o(i.TIM_GetCounter), (6 bytes).
    Removing stm32f10x_tim.o(i.TIM_GetFlagStatus), (18 bytes).
    Removing stm32f10x_tim.o(i.TIM_GetITStatus), (34 bytes).
    Removing stm32f10x_tim.o(i.TIM_GetPrescaler), (6 bytes).
    Removing stm32f10x_tim.o(i.TIM_ICInit), (172 bytes).
    Removing stm32f10x_tim.o(i.TIM_ICStructInit), (18 bytes).
    Removing stm32f10x_tim.o(i.TIM_ITConfig), (18 bytes).
    Removing stm32f10x_tim.o(i.TIM_ITRxExternalClockConfig), (24 bytes).
    Removing stm32f10x_tim.o(i.TIM_InternalClockConfig), (12 bytes).
    Removing stm32f10x_tim.o(i.TIM_OC1FastConfig), (18 bytes).
    Removing stm32f10x_tim.o(i.TIM_OC1Init), (152 bytes).
    Removing stm32f10x_tim.o(i.TIM_OC1NPolarityConfig), (18 bytes).
    Removing stm32f10x_tim.o(i.TIM_OC1PolarityConfig), (18 bytes).
    Removing stm32f10x_tim.o(i.TIM_OC1PreloadConfig), (18 bytes).
    Removing stm32f10x_tim.o(i.TIM_OC2FastConfig), (26 bytes).
    Removing stm32f10x_tim.o(i.TIM_OC2Init), (164 bytes).
    Removing stm32f10x_tim.o(i.TIM_OC2NPolarityConfig), (26 bytes).
    Removing stm32f10x_tim.o(i.TIM_OC2PolarityConfig), (26 bytes).
    Removing stm32f10x_tim.o(i.TIM_OC2PreloadConfig), (26 bytes).
    Removing stm32f10x_tim.o(i.TIM_OC3FastConfig), (18 bytes).
    Removing stm32f10x_tim.o(i.TIM_OC3Init), (160 bytes).
    Removing stm32f10x_tim.o(i.TIM_OC3NPolarityConfig), (26 bytes).
    Removing stm32f10x_tim.o(i.TIM_OC3PolarityConfig), (26 bytes).
    Removing stm32f10x_tim.o(i.TIM_OC3PreloadConfig), (18 bytes).
    Removing stm32f10x_tim.o(i.TIM_OC4FastConfig), (26 bytes).
    Removing stm32f10x_tim.o(i.TIM_OC4Init), (124 bytes).
    Removing stm32f10x_tim.o(i.TIM_OC4PolarityConfig), (26 bytes).
    Removing stm32f10x_tim.o(i.TIM_OC4PreloadConfig), (26 bytes).
    Removing stm32f10x_tim.o(i.TIM_OCStructInit), (20 bytes).
    Removing stm32f10x_tim.o(i.TIM_PWMIConfig), (124 bytes).
    Removing stm32f10x_tim.o(i.TIM_PrescalerConfig), (6 bytes).
    Removing stm32f10x_tim.o(i.TIM_SelectCCDMA), (24 bytes).
    Removing stm32f10x_tim.o(i.TIM_SelectCOM), (24 bytes).
    Removing stm32f10x_tim.o(i.TIM_SelectHallSensor), (24 bytes).
    Removing stm32f10x_tim.o(i.TIM_SelectInputTrigger), (18 bytes).
    Removing stm32f10x_tim.o(i.TIM_SelectMasterSlaveMode), (18 bytes).
    Removing stm32f10x_tim.o(i.TIM_SelectOCxM), (82 bytes).
    Removing stm32f10x_tim.o(i.TIM_SelectOnePulseMode), (18 bytes).
    Removing stm32f10x_tim.o(i.TIM_SelectOutputTrigger), (18 bytes).
    Removing stm32f10x_tim.o(i.TIM_SelectSlaveMode), (18 bytes).
    Removing stm32f10x_tim.o(i.TIM_SetAutoreload), (4 bytes).
    Removing stm32f10x_tim.o(i.TIM_SetClockDivision), (18 bytes).
    Removing stm32f10x_tim.o(i.TIM_SetCompare1), (4 bytes).
    Removing stm32f10x_tim.o(i.TIM_SetCompare2), (4 bytes).
    Removing stm32f10x_tim.o(i.TIM_SetCompare3), (4 bytes).
    Removing stm32f10x_tim.o(i.TIM_SetCompare4), (6 bytes).
    Removing stm32f10x_tim.o(i.TIM_SetCounter), (4 bytes).
    Removing stm32f10x_tim.o(i.TIM_SetIC1Prescaler), (18 bytes).
    Removing stm32f10x_tim.o(i.TIM_SetIC2Prescaler), (26 bytes).
    Removing stm32f10x_tim.o(i.TIM_SetIC3Prescaler), (18 bytes).
    Removing stm32f10x_tim.o(i.TIM_SetIC4Prescaler), (26 bytes).
    Removing stm32f10x_tim.o(i.TIM_TIxExternalClockConfig), (62 bytes).
    Removing stm32f10x_tim.o(i.TIM_TimeBaseInit), (164 bytes).
    Removing stm32f10x_tim.o(i.TIM_TimeBaseStructInit), (18 bytes).
    Removing stm32f10x_tim.o(i.TIM_UpdateDisableConfig), (24 bytes).
    Removing stm32f10x_tim.o(i.TIM_UpdateRequestConfig), (24 bytes).
    Removing stm32f10x_usart.o(i.USART_ClearFlag), (18 bytes).
    Removing stm32f10x_usart.o(i.USART_ClockInit), (34 bytes).
    Removing stm32f10x_usart.o(i.USART_ClockStructInit), (12 bytes).
    Removing stm32f10x_usart.o(i.USART_DMACmd), (18 bytes).
    Removing stm32f10x_usart.o(i.USART_DeInit), (156 bytes).
    Removing stm32f10x_usart.o(i.USART_HalfDuplexCmd), (24 bytes).
    Removing stm32f10x_usart.o(i.USART_IrDACmd), (24 bytes).
    Removing stm32f10x_usart.o(i.USART_IrDAConfig), (18 bytes).
    Removing stm32f10x_usart.o(i.USART_LINBreakDetectLengthConfig), (18 bytes).
    Removing stm32f10x_usart.o(i.USART_LINCmd), (24 bytes).
    Removing stm32f10x_usart.o(i.USART_OneBitMethodCmd), (24 bytes).
    Removing stm32f10x_usart.o(i.USART_OverSampling8Cmd), (22 bytes).
    Removing stm32f10x_usart.o(i.USART_ReceiverWakeUpCmd), (24 bytes).
    Removing stm32f10x_usart.o(i.USART_SendBreak), (10 bytes).
    Removing stm32f10x_usart.o(i.USART_SetAddress), (18 bytes).
    Removing stm32f10x_usart.o(i.USART_SetGuardTime), (16 bytes).
    Removing stm32f10x_usart.o(i.USART_SetPrescaler), (16 bytes).
    Removing stm32f10x_usart.o(i.USART_SmartCardCmd), (24 bytes).
    Removing stm32f10x_usart.o(i.USART_SmartCardNACKCmd), (24 bytes).
    Removing stm32f10x_usart.o(i.USART_StructInit), (24 bytes).
    Removing stm32f10x_usart.o(i.USART_WakeUpConfig), (18 bytes).
    Removing stm32f10x_wwdg.o(i.WWDG_ClearFlag), (12 bytes).
    Removing stm32f10x_wwdg.o(i.WWDG_DeInit), (22 bytes).
    Removing stm32f10x_wwdg.o(i.WWDG_Enable), (16 bytes).
    Removing stm32f10x_wwdg.o(i.WWDG_EnableIT), (12 bytes).
    Removing stm32f10x_wwdg.o(i.WWDG_GetFlagStatus), (12 bytes).
    Removing stm32f10x_wwdg.o(i.WWDG_SetCounter), (16 bytes).
    Removing stm32f10x_wwdg.o(i.WWDG_SetPrescaler), (24 bytes).
    Removing stm32f10x_wwdg.o(i.WWDG_SetWindowValue), (40 bytes).
    Removing delay.o(i.Delay_s), (24 bytes).
    Removing oled.o(i.OLED_ShowBinNum), (62 bytes).
    Removing oled.o(i.OLED_ShowHexNum), (84 bytes).
    Removing oled.o(i.OLED_ShowSignedNum), (102 bytes).
    Removing serial.o(i.Serial_Pow), (20 bytes).
    Removing serial.o(i.Serial_Printf), (36 bytes).
    Removing serial.o(i.Serial_SendNumber), (58 bytes).
    Removing serial.o(i.Serial_SendString), (26 bytes).
    Removing serial.o(i.fputc), (16 bytes).
    Removing webandgps.o(i.AT_ClienID), (104 bytes).
    Removing webandgps.o(i.AT_DTRStart), (96 bytes).
    Removing webandgps.o(i.AT_Distrubute), (100 bytes).
    Removing webandgps.o(i.AT_Init), (80 bytes).
    Removing webandgps.o(i.AT_MQTTConnect), (124 bytes).
    Removing webandgps.o(i.AT_MQTTMesseage), (140 bytes).
    Removing webandgps.o(i.AT_NETOPEN), (124 bytes).
    Removing webandgps.o(i.AT_Reset), (112 bytes).
    Removing webandgps.o(i.AT_TopicOut), (196 bytes).
    Removing webandgps.o(i.CSQ_Check), (20 bytes).
    Removing webandgps.o(i.Check_Netstate), (236 bytes).
    Removing webandgps.o(i.CreateAndSendCommand), (64 bytes).
    Removing webandgps.o(i.DTR_Disable), (16 bytes).
    Removing webandgps.o(i.DTR_Enable), (24 bytes).
    Removing webandgps.o(i.GPS_FEN), (142 bytes).
    Removing webandgps.o(i.GPS_Get), (104 bytes).
    Removing webandgps.o(i.GPS_GetReal), (176 bytes).
    Removing webandgps.o(i.GPS_Send), (152 bytes).
    Removing webandgps.o(i.GPS_min), (116 bytes).
    Removing webandgps.o(i.GPS_open), (24 bytes).
    Removing webandgps.o(i.Lock_Do), (220 bytes).
    Removing webandgps.o(i.MQTT_Check), (28 bytes).
    Removing webandgps.o(i.Send_BatteryunlockNotify), (72 bytes).
    Removing webandgps.o(i.Send_Command), (88 bytes).
    Removing webandgps.o(i.Send_IllegalMove), (52 bytes).
    Removing webandgps.o(i.Send_LongTimeNoMove), (16 bytes).
    Removing webandgps.o(i.Send_NoBluetooth), (16 bytes).
    Removing webandgps.o(i.Serial_Init2), (252 bytes).
    Removing webandgps.o(.constdata), (5 bytes).
    Removing webandgps.o(.conststring), (142 bytes).
    Removing battery.o(i.Get_BatteryLockStateoff), (52 bytes).
    Removing battery.o(.data), (4 bytes).
    Removing dadd.o(.text), (334 bytes).
    Removing dfixul.o(.text), (48 bytes).
    Removing cdrcmple.o(.text), (48 bytes).

491 unused section(s) (total 22247 bytes) removed from the image.

==============================================================================

Image Symbol Table

    Local Symbols

    Symbol Name                              Value     Ov Type        Size  Object(Section)

    ../clib/microlib/ctype/ctype.c           0x00000000   Number         0  isspace_c.o ABSOLUTE
    ../clib/microlib/ctype/ctype.c           0x00000000   Number         0  ctype_c.o ABSOLUTE
    ../clib/microlib/division.c              0x00000000   Number         0  uidiv.o ABSOLUTE
    ../clib/microlib/division.c              0x00000000   Number         0  uldiv.o ABSOLUTE
    ../clib/microlib/errno.c                 0x00000000   Number         0  errno.o ABSOLUTE
    ../clib/microlib/init/entry.s            0x00000000   Number         0  entry11b.o ABSOLUTE
    ../clib/microlib/init/entry.s            0x00000000   Number         0  entry.o ABSOLUTE
    ../clib/microlib/init/entry.s            0x00000000   Number         0  entry11a.o ABSOLUTE
    ../clib/microlib/init/entry.s            0x00000000   Number         0  entry10b.o ABSOLUTE
    ../clib/microlib/init/entry.s            0x00000000   Number         0  entry2.o ABSOLUTE
    ../clib/microlib/init/entry.s            0x00000000   Number         0  entry5.o ABSOLUTE
    ../clib/microlib/init/entry.s            0x00000000   Number         0  entry7a.o ABSOLUTE
    ../clib/microlib/init/entry.s            0x00000000   Number         0  entry7b.o ABSOLUTE
    ../clib/microlib/init/entry.s            0x00000000   Number         0  entry9b.o ABSOLUTE
    ../clib/microlib/init/entry.s            0x00000000   Number         0  entry8a.o ABSOLUTE
    ../clib/microlib/init/entry.s            0x00000000   Number         0  entry8b.o ABSOLUTE
    ../clib/microlib/init/entry.s            0x00000000   Number         0  entry10a.o ABSOLUTE
    ../clib/microlib/init/entry.s            0x00000000   Number         0  entry9a.o ABSOLUTE
    ../clib/microlib/longlong.c              0x00000000   Number         0  llsshr.o ABSOLUTE
    ../clib/microlib/longlong.c              0x00000000   Number         0  llushr.o ABSOLUTE
    ../clib/microlib/longlong.c              0x00000000   Number         0  llshl.o ABSOLUTE
    ../clib/microlib/printf/printf.c         0x00000000   Number         0  printf4.o ABSOLUTE
    ../clib/microlib/printf/printf.c         0x00000000   Number         0  printf1.o ABSOLUTE
    ../clib/microlib/printf/printf.c         0x00000000   Number         0  printf0.o ABSOLUTE
    ../clib/microlib/printf/printf.c         0x00000000   Number         0  printf2.o ABSOLUTE
    ../clib/microlib/printf/printf.c         0x00000000   Number         0  printfa.o ABSOLUTE
    ../clib/microlib/printf/printf.c         0x00000000   Number         0  printf8.o ABSOLUTE
    ../clib/microlib/printf/printf.c         0x00000000   Number         0  printf7.o ABSOLUTE
    ../clib/microlib/printf/printf.c         0x00000000   Number         0  printf6.o ABSOLUTE
    ../clib/microlib/printf/printf.c         0x00000000   Number         0  printf3.o ABSOLUTE
    ../clib/microlib/printf/printf.c         0x00000000   Number         0  printfb.o ABSOLUTE
    ../clib/microlib/printf/printf.c         0x00000000   Number         0  printf5.o ABSOLUTE
    ../clib/microlib/printf/stubs.s          0x00000000   Number         0  stubs.o ABSOLUTE
    ../clib/microlib/stdio/streams.c         0x00000000   Number         0  stdout.o ABSOLUTE
    ../clib/microlib/string/memset.c         0x00000000   Number         0  memseta.o ABSOLUTE
    ../clib/microlib/string/strcat.c         0x00000000   Number         0  strcat.o ABSOLUTE
    ../clib/microlib/string/strcpy.c         0x00000000   Number         0  strcpy.o ABSOLUTE
    ../clib/microlib/string/strncmp.c        0x00000000   Number         0  strncmp.o ABSOLUTE
    ../clib/microlib/string/strncpy.c        0x00000000   Number         0  strncpy.o ABSOLUTE
    ../clib/microlib/string/strstr.c         0x00000000   Number         0  strstr.o ABSOLUTE
    ../clib/microlib/stubs.s                 0x00000000   Number         0  iusefp.o ABSOLUTE
    ../clib/scanf.c                          0x00000000   Number         0  _sgetc.o ABSOLUTE
    ../clib/scanf.c                          0x00000000   Number         0  scanf_fp.o ABSOLUTE
    ../clib/scanf.c                          0x00000000   Number         0  strtod.o ABSOLUTE
    ../fplib/microlib/d2f.c                  0x00000000   Number         0  d2f.o ABSOLUTE
    ../fplib/microlib/f2d.c                  0x00000000   Number         0  f2d.o ABSOLUTE
    ../fplib/microlib/fpadd.c                0x00000000   Number         0  dadd.o ABSOLUTE
    ../fplib/microlib/fpdiv.c                0x00000000   Number         0  ddiv.o ABSOLUTE
    ../fplib/microlib/fpdiv.c                0x00000000   Number         0  fdiv.o ABSOLUTE
    ../fplib/microlib/fpepilogue.c           0x00000000   Number         0  fepilogue.o ABSOLUTE
    ../fplib/microlib/fpepilogue.c           0x00000000   Number         0  depilogue.o ABSOLUTE
    ../fplib/microlib/fpfix.c                0x00000000   Number         0  ffixui.o ABSOLUTE
    ../fplib/microlib/fpfix.c                0x00000000   Number         0  dfixi.o ABSOLUTE
    ../fplib/microlib/fpfix.c                0x00000000   Number         0  dfixul.o ABSOLUTE
    ../fplib/microlib/fpflt.c                0x00000000   Number         0  ffltui.o ABSOLUTE
    ../fplib/microlib/fpflt.c                0x00000000   Number         0  dfltul.o ABSOLUTE
    ../fplib/microlib/fpmul.c                0x00000000   Number         0  fmul.o ABSOLUTE
    ../fplib/microlib/fpmul.c                0x00000000   Number         0  dmul.o ABSOLUTE
    ../mathlib/atof.c                        0x00000000   Number         0  atof.o ABSOLUTE
    Hardware\AD.c                            0x00000000   Number         0  ad.o ABSOLUTE
    Hardware\Battery.c                       0x00000000   Number         0  battery.o ABSOLUTE
    Hardware\BlueTooth.c                     0x00000000   Number         0  bluetooth.o ABSOLUTE
    Hardware\Controller.c                    0x00000000   Number         0  controller.o ABSOLUTE
    Hardware\OLED.c                          0x00000000   Number         0  oled.o ABSOLUTE
    Hardware\Serial.c                        0x00000000   Number         0  serial.o ABSOLUTE
    Hardware\WebAndGPS.c                     0x00000000   Number         0  webandgps.o ABSOLUTE
    Library\misc.c                           0x00000000   Number         0  misc.o ABSOLUTE
    Library\stm32f10x_adc.c                  0x00000000   Number         0  stm32f10x_adc.o ABSOLUTE
    Library\stm32f10x_bkp.c                  0x00000000   Number         0  stm32f10x_bkp.o ABSOLUTE
    Library\stm32f10x_can.c                  0x00000000   Number         0  stm32f10x_can.o ABSOLUTE
    Library\stm32f10x_cec.c                  0x00000000   Number         0  stm32f10x_cec.o ABSOLUTE
    Library\stm32f10x_crc.c                  0x00000000   Number         0  stm32f10x_crc.o ABSOLUTE
    Library\stm32f10x_dac.c                  0x00000000   Number         0  stm32f10x_dac.o ABSOLUTE
    Library\stm32f10x_dbgmcu.c               0x00000000   Number         0  stm32f10x_dbgmcu.o ABSOLUTE
    Library\stm32f10x_dma.c                  0x00000000   Number         0  stm32f10x_dma.o ABSOLUTE
    Library\stm32f10x_exti.c                 0x00000000   Number         0  stm32f10x_exti.o ABSOLUTE
    Library\stm32f10x_flash.c                0x00000000   Number         0  stm32f10x_flash.o ABSOLUTE
    Library\stm32f10x_fsmc.c                 0x00000000   Number         0  stm32f10x_fsmc.o ABSOLUTE
    Library\stm32f10x_gpio.c                 0x00000000   Number         0  stm32f10x_gpio.o ABSOLUTE
    Library\stm32f10x_i2c.c                  0x00000000   Number         0  stm32f10x_i2c.o ABSOLUTE
    Library\stm32f10x_iwdg.c                 0x00000000   Number         0  stm32f10x_iwdg.o ABSOLUTE
    Library\stm32f10x_pwr.c                  0x00000000   Number         0  stm32f10x_pwr.o ABSOLUTE
    Library\stm32f10x_rcc.c                  0x00000000   Number         0  stm32f10x_rcc.o ABSOLUTE
    Library\stm32f10x_rtc.c                  0x00000000   Number         0  stm32f10x_rtc.o ABSOLUTE
    Library\stm32f10x_sdio.c                 0x00000000   Number         0  stm32f10x_sdio.o ABSOLUTE
    Library\stm32f10x_spi.c                  0x00000000   Number         0  stm32f10x_spi.o ABSOLUTE
    Library\stm32f10x_tim.c                  0x00000000   Number         0  stm32f10x_tim.o ABSOLUTE
    Library\stm32f10x_usart.c                0x00000000   Number         0  stm32f10x_usart.o ABSOLUTE
    Library\stm32f10x_wwdg.c                 0x00000000   Number         0  stm32f10x_wwdg.o ABSOLUTE
    Start\\core_cm3.c                        0x00000000   Number         0  core_cm3.o ABSOLUTE
    Start\core_cm3.c                         0x00000000   Number         0  core_cm3.o ABSOLUTE
    Start\startup_stm32f10x_md.s             0x00000000   Number         0  startup_stm32f10x_md.o ABSOLUTE
    Start\system_stm32f10x.c                 0x00000000   Number         0  system_stm32f10x.o ABSOLUTE
    System\Delay.c                           0x00000000   Number         0  delay.o ABSOLUTE
    User\main.c                              0x00000000   Number         0  main.o ABSOLUTE
    User\stm32f10x_it.c                      0x00000000   Number         0  stm32f10x_it.o ABSOLUTE
    cdrcmple.s                               0x00000000   Number         0  cdrcmple.o ABSOLUTE
    cfrcmple.s                               0x00000000   Number         0  cfrcmple.o ABSOLUTE
    dc.s                                     0x00000000   Number         0  dc.o ABSOLUTE
    handlers.s                               0x00000000   Number         0  handlers.o ABSOLUTE
    init.s                                   0x00000000   Number         0  init.o ABSOLUTE
    RESET                                    0x08000000   Section      236  startup_stm32f10x_md.o(RESET)
    .ARM.Collect$$$$00000000                 0x080000ec   Section        0  entry.o(.ARM.Collect$$$$00000000)
    .ARM.Collect$$$$00000001                 0x080000ec   Section        4  entry2.o(.ARM.Collect$$$$00000001)
    .ARM.Collect$$$$00000004                 0x080000f0   Section        4  entry5.o(.ARM.Collect$$$$00000004)
    .ARM.Collect$$$$00000008                 0x080000f4   Section        0  entry7b.o(.ARM.Collect$$$$00000008)
    .ARM.Collect$$$$0000000A                 0x080000f4   Section        0  entry8b.o(.ARM.Collect$$$$0000000A)
    .ARM.Collect$$$$0000000B                 0x080000f4   Section        8  entry9a.o(.ARM.Collect$$$$0000000B)
    .ARM.Collect$$$$0000000D                 0x080000fc   Section        0  entry10a.o(.ARM.Collect$$$$0000000D)
    .ARM.Collect$$$$0000000F                 0x080000fc   Section        0  entry11a.o(.ARM.Collect$$$$0000000F)
    .ARM.Collect$$$$00002712                 0x080000fc   Section        4  entry2.o(.ARM.Collect$$$$00002712)
    __lit__00000000                          0x080000fc   Data           4  entry2.o(.ARM.Collect$$$$00002712)
    .text                                    0x08000100   Section       36  startup_stm32f10x_md.o(.text)
    .text                                    0x08000124   Section        0  memseta.o(.text)
    .text                                    0x08000148   Section        0  strstr.o(.text)
    .text                                    0x0800016c   Section        0  strncpy.o(.text)
    .text                                    0x08000184   Section        0  strcpy.o(.text)
    .text                                    0x08000196   Section        0  fmul.o(.text)
    .text                                    0x080001fa   Section        0  fdiv.o(.text)
    .text                                    0x08000276   Section        0  dmul.o(.text)
    .text                                    0x0800035a   Section        0  ddiv.o(.text)
    .text                                    0x08000438   Section        0  ffltui.o(.text)
    .text                                    0x08000442   Section        0  ffixui.o(.text)
    .text                                    0x0800046a   Section        0  dfixi.o(.text)
    .text                                    0x080004a8   Section        0  f2d.o(.text)
    .text                                    0x080004ce   Section        0  d2f.o(.text)
    .text                                    0x08000508   Section       20  cfrcmple.o(.text)
    .text                                    0x0800051c   Section        0  llushr.o(.text)
    .text                                    0x0800053c   Section        0  strtod.o(.text)
    _local_sscanf                            0x0800053d   Thumb Code    54  strtod.o(.text)
    .text                                    0x080005d8   Section        0  iusefp.o(.text)
    .text                                    0x080005d8   Section        0  fepilogue.o(.text)
    .text                                    0x08000646   Section        0  depilogue.o(.text)
    .text                                    0x08000700   Section       36  init.o(.text)
    .text                                    0x08000724   Section        0  llshl.o(.text)
    .text                                    0x08000742   Section        0  isspace_c.o(.text)
    .text                                    0x0800074c   Section        0  scanf_fp.o(.text)
    _fp_value                                0x0800074d   Thumb Code   296  scanf_fp.o(.text)
    .text                                    0x08000aac   Section        0  _sgetc.o(.text)
    .text                                    0x08000aec   Section        0  ctype_c.o(.text)
    .text                                    0x08000b14   Section        0  dfltul.o(.text)
    i.ADC_Cmd                                0x08000b2c   Section        0  stm32f10x_adc.o(i.ADC_Cmd)
    i.ADC_GetCalibrationStatus               0x08000b42   Section        0  stm32f10x_adc.o(i.ADC_GetCalibrationStatus)
    i.ADC_GetConversionValue                 0x08000b56   Section        0  stm32f10x_adc.o(i.ADC_GetConversionValue)
    i.ADC_GetFlagStatus                      0x08000b5e   Section        0  stm32f10x_adc.o(i.ADC_GetFlagStatus)
    i.ADC_GetResetCalibrationStatus          0x08000b70   Section        0  stm32f10x_adc.o(i.ADC_GetResetCalibrationStatus)
    i.ADC_Init                               0x08000b84   Section        0  stm32f10x_adc.o(i.ADC_Init)
    i.ADC_RegularChannelConfig               0x08000bd4   Section        0  stm32f10x_adc.o(i.ADC_RegularChannelConfig)
    i.ADC_ResetCalibration                   0x08000c8c   Section        0  stm32f10x_adc.o(i.ADC_ResetCalibration)
    i.ADC_SoftwareStartConvCmd               0x08000c96   Section        0  stm32f10x_adc.o(i.ADC_SoftwareStartConvCmd)
    i.ADC_StartCalibration                   0x08000cac   Section        0  stm32f10x_adc.o(i.ADC_StartCalibration)
    i.AD_GetValue                            0x08000cb8   Section        0  ad.o(i.AD_GetValue)
    i.AD_Init                                0x08000cdc   Section        0  ad.o(i.AD_Init)
    i.BatteryLock_Reset                      0x08000d7c   Section        0  battery.o(i.BatteryLock_Reset)
    i.BatteryLock_off                        0x08000d94   Section        0  battery.o(i.BatteryLock_off)
    i.BatteryLock_on                         0x08000da4   Section        0  battery.o(i.BatteryLock_on)
    i.Battery_Init                           0x08000db4   Section        0  battery.o(i.Battery_Init)
    i.Battery_offNotify                      0x08000df8   Section        0  bluetooth.o(i.Battery_offNotify)
    i.Battery_openNotify                     0x08000e28   Section        0  bluetooth.o(i.Battery_openNotify)
    i.BlueAT_SendData                        0x08000e54   Section        0  bluetooth.o(i.BlueAT_SendData)
    i.Blue_Init                              0x08000e74   Section        0  bluetooth.o(i.Blue_Init)
    i.Blue_check                             0x08000f48   Section        0  bluetooth.o(i.Blue_check)
    i.BusFault_Handler                       0x08000f70   Section        0  stm32f10x_it.o(i.BusFault_Handler)
    i.CQS_Do                                 0x08000f74   Section        0  webandgps.o(i.CQS_Do)
    i.Controller_Init                        0x08000fdc   Section        0  controller.o(i.Controller_Init)
    i.Controller_off                         0x08001008   Section        0  controller.o(i.Controller_off)
    i.Controller_on                          0x08001018   Section        0  controller.o(i.Controller_on)
    i.DebugMon_Handler                       0x08001028   Section        0  stm32f10x_it.o(i.DebugMon_Handler)
    i.Delay_ms                               0x0800102a   Section        0  delay.o(i.Delay_ms)
    i.Delay_us                               0x08001042   Section        0  delay.o(i.Delay_us)
    i.GPIO_Init                              0x08001070   Section        0  stm32f10x_gpio.o(i.GPIO_Init)
    i.GPIO_ReadInputDataBit                  0x08001186   Section        0  stm32f10x_gpio.o(i.GPIO_ReadInputDataBit)
    i.GPIO_ResetBits                         0x08001198   Section        0  stm32f10x_gpio.o(i.GPIO_ResetBits)
    i.GPIO_SetBits                           0x0800119c   Section        0  stm32f10x_gpio.o(i.GPIO_SetBits)
    i.GPIO_WriteBit                          0x080011a0   Section        0  stm32f10x_gpio.o(i.GPIO_WriteBit)
    i.Get_BatteryLockStateon                 0x080011ac   Section        0  battery.o(i.Get_BatteryLockStateon)
    i.HardFault_Handler                      0x080011dc   Section        0  stm32f10x_it.o(i.HardFault_Handler)
    i.MemManage_Handler                      0x080011e0   Section        0  stm32f10x_it.o(i.MemManage_Handler)
    i.NMI_Handler                            0x080011e4   Section        0  stm32f10x_it.o(i.NMI_Handler)
    i.NVIC_Init                              0x080011e8   Section        0  misc.o(i.NVIC_Init)
    i.NVIC_PriorityGroupConfig               0x08001258   Section        0  misc.o(i.NVIC_PriorityGroupConfig)
    i.OLED_Clear                             0x0800126c   Section        0  oled.o(i.OLED_Clear)
    i.OLED_I2C_Init                          0x08001298   Section        0  oled.o(i.OLED_I2C_Init)
    i.OLED_I2C_SendByte                      0x080012e8   Section        0  oled.o(i.OLED_I2C_SendByte)
    i.OLED_I2C_Start                         0x0800133c   Section        0  oled.o(i.OLED_I2C_Start)
    i.OLED_I2C_Stop                          0x08001370   Section        0  oled.o(i.OLED_I2C_Stop)
    i.OLED_Init                              0x08001398   Section        0  oled.o(i.OLED_Init)
    i.OLED_Pow                               0x08001446   Section        0  oled.o(i.OLED_Pow)
    i.OLED_SetCursor                         0x0800145a   Section        0  oled.o(i.OLED_SetCursor)
    i.OLED_ShowChar                          0x0800147c   Section        0  oled.o(i.OLED_ShowChar)
    i.OLED_ShowNum                           0x080014f0   Section        0  oled.o(i.OLED_ShowNum)
    i.OLED_ShowString                        0x08001534   Section        0  oled.o(i.OLED_ShowString)
    i.OLED_WriteCommand                      0x0800155c   Section        0  oled.o(i.OLED_WriteCommand)
    i.OLED_WriteData                         0x0800157c   Section        0  oled.o(i.OLED_WriteData)
    i.PendSV_Handler                         0x0800159c   Section        0  stm32f10x_it.o(i.PendSV_Handler)
    i.RCC_ADCCLKConfig                       0x080015a0   Section        0  stm32f10x_rcc.o(i.RCC_ADCCLKConfig)
    i.RCC_APB1PeriphClockCmd                 0x080015b8   Section        0  stm32f10x_rcc.o(i.RCC_APB1PeriphClockCmd)
    i.RCC_APB2PeriphClockCmd                 0x080015d8   Section        0  stm32f10x_rcc.o(i.RCC_APB2PeriphClockCmd)
    i.RCC_GetClocksFreq                      0x080015f8   Section        0  stm32f10x_rcc.o(i.RCC_GetClocksFreq)
    i.SVC_Handler                            0x080016cc   Section        0  stm32f10x_it.o(i.SVC_Handler)
    i.Send_AT_Command                        0x080016ce   Section        0  bluetooth.o(i.Send_AT_Command)
    i.Serial_Init                            0x080016f0   Section        0  serial.o(i.Serial_Init)
    i.Serial_SendArray                       0x080017a8   Section        0  serial.o(i.Serial_SendArray)
    i.Serial_SendByte                        0x080017c4   Section        0  serial.o(i.Serial_SendByte)
    i.SetSysClock                            0x080017e4   Section        0  system_stm32f10x.o(i.SetSysClock)
    SetSysClock                              0x080017e5   Thumb Code     8  system_stm32f10x.o(i.SetSysClock)
    i.SetSysClockTo72                        0x080017ec   Section        0  system_stm32f10x.o(i.SetSysClockTo72)
    SetSysClockTo72                          0x080017ed   Thumb Code   214  system_stm32f10x.o(i.SetSysClockTo72)
    i.SysTick_Handler                        0x080018cc   Section        0  stm32f10x_it.o(i.SysTick_Handler)
    i.SystemInit                             0x080018d0   Section        0  system_stm32f10x.o(i.SystemInit)
    i.USART1_IRQHandler                      0x08001930   Section        0  serial.o(i.USART1_IRQHandler)
    i.USART2_IRQHandler                      0x080019d0   Section        0  webandgps.o(i.USART2_IRQHandler)
    i.USART3_IRQHandler                      0x08001bf8   Section        0  bluetooth.o(i.USART3_IRQHandler)
    i.USART_ClearITPendingBit                0x08001c74   Section        0  stm32f10x_usart.o(i.USART_ClearITPendingBit)
    i.USART_Cmd                              0x08001c92   Section        0  stm32f10x_usart.o(i.USART_Cmd)
    i.USART_GetFlagStatus                    0x08001caa   Section        0  stm32f10x_usart.o(i.USART_GetFlagStatus)
    i.USART_GetITStatus                      0x08001cc4   Section        0  stm32f10x_usart.o(i.USART_GetITStatus)
    i.USART_ITConfig                         0x08001d18   Section        0  stm32f10x_usart.o(i.USART_ITConfig)
    i.USART_Init                             0x08001d64   Section        0  stm32f10x_usart.o(i.USART_Init)
    i.USART_ReceiveData                      0x08001e3c   Section        0  stm32f10x_usart.o(i.USART_ReceiveData)
    i.USART_SendData                         0x08001e46   Section        0  stm32f10x_usart.o(i.USART_SendData)
    i.UsageFault_Handler                     0x08001e4e   Section        0  stm32f10x_it.o(i.UsageFault_Handler)
    i.__read_errno                           0x08001e54   Section        0  errno.o(i.__read_errno)
    i.__scatterload_copy                     0x08001e60   Section       14  handlers.o(i.__scatterload_copy)
    i.__scatterload_null                     0x08001e6e   Section        2  handlers.o(i.__scatterload_null)
    i.__scatterload_zeroinit                 0x08001e70   Section       14  handlers.o(i.__scatterload_zeroinit)
    i.__set_errno                            0x08001e80   Section        0  errno.o(i.__set_errno)
    i._is_digit                              0x08001e8c   Section        0  scanf_fp.o(i._is_digit)
    i.atof                                   0x08001e9a   Section        0  atof.o(i.atof)
    i.main                                   0x08001ec4   Section        0  main.o(i.main)
    i.unLockBikeCommand1                     0x080021a8   Section        0  controller.o(i.unLockBikeCommand1)
    i.unLockBikeCommand2                     0x080021d8   Section        0  controller.o(i.unLockBikeCommand2)
    i.unLockBikeCommand3                     0x0800220e   Section        0  controller.o(i.unLockBikeCommand3)
    .constdata                               0x08002244   Section     1520  oled.o(.constdata)
    .constdata                               0x08002834   Section       64  ctype_c.o(.constdata)
    .data                                    0x20000000   Section       20  stm32f10x_rcc.o(.data)
    APBAHBPrescTable                         0x20000000   Data          16  stm32f10x_rcc.o(.data)
    ADCPrescTable                            0x20000010   Data           4  stm32f10x_rcc.o(.data)
    .data                                    0x20000014   Section        3  serial.o(.data)
    RxState                                  0x20000015   Data           1  serial.o(.data)
    pRxPacket                                0x20000016   Data           1  serial.o(.data)
    .data                                    0x20000018   Section       84  webandgps.o(.data)
    .data                                    0x2000006c   Section        6  bluetooth.o(.data)
    .data                                    0x20000074   Section       13  main.o(.data)
    .data                                    0x20000084   Section        4  errno.o(.data)
    _errno                                   0x20000084   Data           4  errno.o(.data)
    .bss                                     0x20000088   Section     1000  serial.o(.bss)
    .bss                                     0x20000470   Section      416  webandgps.o(.bss)
    STACK                                    0x20000610   Section     1024  startup_stm32f10x_md.o(STACK)

    Global Symbols

    Symbol Name                              Value     Ov Type        Size  Object(Section)

    BuildAttributes$$THM_ISAv4$P$D$K$B$S$PE$A:L22UL41UL21$X:L11$S22US41US21$IEEE1$IW$USESV6$~STKCKD$USESV7$~SHL$OTIME$ROPI$IEEEJ$EBA8$MICROLIB$REQ8$PRES8$EABIv2 0x00000000   Number         0  anon$$obj.o ABSOLUTE
    __ARM_use_no_argv                        0x00000000   Number         0  main.o ABSOLUTE
    _printf_a                                0x00000000   Number         0  stubs.o ABSOLUTE
    _printf_c                                0x00000000   Number         0  stubs.o ABSOLUTE
    _printf_charcount                        0x00000000   Number         0  stubs.o ABSOLUTE
    _printf_d                                0x00000000   Number         0  stubs.o ABSOLUTE
    _printf_e                                0x00000000   Number         0  stubs.o ABSOLUTE
    _printf_f                                0x00000000   Number         0  stubs.o ABSOLUTE
    _printf_flags                            0x00000000   Number         0  stubs.o ABSOLUTE
    _printf_fp_dec                           0x00000000   Number         0  stubs.o ABSOLUTE
    _printf_fp_hex                           0x00000000   Number         0  stubs.o ABSOLUTE
    _printf_g                                0x00000000   Number         0  stubs.o ABSOLUTE
    _printf_i                                0x00000000   Number         0  stubs.o ABSOLUTE
    _printf_int_dec                          0x00000000   Number         0  stubs.o ABSOLUTE
    _printf_l                                0x00000000   Number         0  stubs.o ABSOLUTE
    _printf_lc                               0x00000000   Number         0  stubs.o ABSOLUTE
    _printf_ll                               0x00000000   Number         0  stubs.o ABSOLUTE
    _printf_lld                              0x00000000   Number         0  stubs.o ABSOLUTE
    _printf_lli                              0x00000000   Number         0  stubs.o ABSOLUTE
    _printf_llo                              0x00000000   Number         0  stubs.o ABSOLUTE
    _printf_llu                              0x00000000   Number         0  stubs.o ABSOLUTE
    _printf_llx                              0x00000000   Number         0  stubs.o ABSOLUTE
    _printf_longlong_dec                     0x00000000   Number         0  stubs.o ABSOLUTE
    _printf_longlong_hex                     0x00000000   Number         0  stubs.o ABSOLUTE
    _printf_longlong_oct                     0x00000000   Number         0  stubs.o ABSOLUTE
    _printf_ls                               0x00000000   Number         0  stubs.o ABSOLUTE
    _printf_mbtowc                           0x00000000   Number         0  stubs.o ABSOLUTE
    _printf_n                                0x00000000   Number         0  stubs.o ABSOLUTE
    _printf_o                                0x00000000   Number         0  stubs.o ABSOLUTE
    _printf_p                                0x00000000   Number         0  stubs.o ABSOLUTE
    _printf_percent                          0x00000000   Number         0  stubs.o ABSOLUTE
    _printf_pre_padding                      0x00000000   Number         0  stubs.o ABSOLUTE
    _printf_return_value                     0x00000000   Number         0  stubs.o ABSOLUTE
    _printf_s                                0x00000000   Number         0  stubs.o ABSOLUTE
    _printf_sizespec                         0x00000000   Number         0  stubs.o ABSOLUTE
    _printf_str                              0x00000000   Number         0  stubs.o ABSOLUTE
    _printf_truncate_signed                  0x00000000   Number         0  stubs.o ABSOLUTE
    _printf_truncate_unsigned                0x00000000   Number         0  stubs.o ABSOLUTE
    _printf_u                                0x00000000   Number         0  stubs.o ABSOLUTE
    _printf_wc                               0x00000000   Number         0  stubs.o ABSOLUTE
    _printf_wctomb                           0x00000000   Number         0  stubs.o ABSOLUTE
    _printf_widthprec                        0x00000000   Number         0  stubs.o ABSOLUTE
    _printf_x                                0x00000000   Number         0  stubs.o ABSOLUTE
    __cpp_initialize__aeabi_                  - Undefined Weak Reference
    __cxa_finalize                            - Undefined Weak Reference
    __decompress                              - Undefined Weak Reference
    _clock_init                               - Undefined Weak Reference
    _microlib_exit                            - Undefined Weak Reference
    __Vectors_Size                           0x000000ec   Number         0  startup_stm32f10x_md.o ABSOLUTE
    __Vectors                                0x08000000   Data           4  startup_stm32f10x_md.o(RESET)
    __Vectors_End                            0x080000ec   Data           0  startup_stm32f10x_md.o(RESET)
    __main                                   0x080000ed   Thumb Code     0  entry.o(.ARM.Collect$$$$00000000)
    _main_stk                                0x080000ed   Thumb Code     0  entry2.o(.ARM.Collect$$$$00000001)
    _main_scatterload                        0x080000f1   Thumb Code     0  entry5.o(.ARM.Collect$$$$00000004)
    __main_after_scatterload                 0x080000f5   Thumb Code     0  entry5.o(.ARM.Collect$$$$00000004)
    _main_clock                              0x080000f5   Thumb Code     0  entry7b.o(.ARM.Collect$$$$00000008)
    _main_cpp_init                           0x080000f5   Thumb Code     0  entry8b.o(.ARM.Collect$$$$0000000A)
    _main_init                               0x080000f5   Thumb Code     0  entry9a.o(.ARM.Collect$$$$0000000B)
    __rt_final_cpp                           0x080000fd   Thumb Code     0  entry10a.o(.ARM.Collect$$$$0000000D)
    __rt_final_exit                          0x080000fd   Thumb Code     0  entry11a.o(.ARM.Collect$$$$0000000F)
    Reset_Handler                            0x08000101   Thumb Code     8  startup_stm32f10x_md.o(.text)
    ADC1_2_IRQHandler                        0x0800011b   Thumb Code     0  startup_stm32f10x_md.o(.text)
    CAN1_RX1_IRQHandler                      0x0800011b   Thumb Code     0  startup_stm32f10x_md.o(.text)
    CAN1_SCE_IRQHandler                      0x0800011b   Thumb Code     0  startup_stm32f10x_md.o(.text)
    DMA1_Channel1_IRQHandler                 0x0800011b   Thumb Code     0  startup_stm32f10x_md.o(.text)
    DMA1_Channel2_IRQHandler                 0x0800011b   Thumb Code     0  startup_stm32f10x_md.o(.text)
    DMA1_Channel3_IRQHandler                 0x0800011b   Thumb Code     0  startup_stm32f10x_md.o(.text)
    DMA1_Channel4_IRQHandler                 0x0800011b   Thumb Code     0  startup_stm32f10x_md.o(.text)
    DMA1_Channel5_IRQHandler                 0x0800011b   Thumb Code     0  startup_stm32f10x_md.o(.text)
    DMA1_Channel6_IRQHandler                 0x0800011b   Thumb Code     0  startup_stm32f10x_md.o(.text)
    DMA1_Channel7_IRQHandler                 0x0800011b   Thumb Code     0  startup_stm32f10x_md.o(.text)
    EXTI0_IRQHandler                         0x0800011b   Thumb Code     0  startup_stm32f10x_md.o(.text)
    EXTI15_10_IRQHandler                     0x0800011b   Thumb Code     0  startup_stm32f10x_md.o(.text)
    EXTI1_IRQHandler                         0x0800011b   Thumb Code     0  startup_stm32f10x_md.o(.text)
    EXTI2_IRQHandler                         0x0800011b   Thumb Code     0  startup_stm32f10x_md.o(.text)
    EXTI3_IRQHandler                         0x0800011b   Thumb Code     0  startup_stm32f10x_md.o(.text)
    EXTI4_IRQHandler                         0x0800011b   Thumb Code     0  startup_stm32f10x_md.o(.text)
    EXTI9_5_IRQHandler                       0x0800011b   Thumb Code     0  startup_stm32f10x_md.o(.text)
    FLASH_IRQHandler                         0x0800011b   Thumb Code     0  startup_stm32f10x_md.o(.text)
    I2C1_ER_IRQHandler                       0x0800011b   Thumb Code     0  startup_stm32f10x_md.o(.text)
    I2C1_EV_IRQHandler                       0x0800011b   Thumb Code     0  startup_stm32f10x_md.o(.text)
    I2C2_ER_IRQHandler                       0x0800011b   Thumb Code     0  startup_stm32f10x_md.o(.text)
    I2C2_EV_IRQHandler                       0x0800011b   Thumb Code     0  startup_stm32f10x_md.o(.text)
    PVD_IRQHandler                           0x0800011b   Thumb Code     0  startup_stm32f10x_md.o(.text)
    RCC_IRQHandler                           0x0800011b   Thumb Code     0  startup_stm32f10x_md.o(.text)
    RTCAlarm_IRQHandler                      0x0800011b   Thumb Code     0  startup_stm32f10x_md.o(.text)
    RTC_IRQHandler                           0x0800011b   Thumb Code     0  startup_stm32f10x_md.o(.text)
    SPI1_IRQHandler                          0x0800011b   Thumb Code     0  startup_stm32f10x_md.o(.text)
    SPI2_IRQHandler                          0x0800011b   Thumb Code     0  startup_stm32f10x_md.o(.text)
    TAMPER_IRQHandler                        0x0800011b   Thumb Code     0  startup_stm32f10x_md.o(.text)
    TIM1_BRK_IRQHandler                      0x0800011b   Thumb Code     0  startup_stm32f10x_md.o(.text)
    TIM1_CC_IRQHandler                       0x0800011b   Thumb Code     0  startup_stm32f10x_md.o(.text)
    TIM1_TRG_COM_IRQHandler                  0x0800011b   Thumb Code     0  startup_stm32f10x_md.o(.text)
    TIM1_UP_IRQHandler                       0x0800011b   Thumb Code     0  startup_stm32f10x_md.o(.text)
    TIM2_IRQHandler                          0x0800011b   Thumb Code     0  startup_stm32f10x_md.o(.text)
    TIM3_IRQHandler                          0x0800011b   Thumb Code     0  startup_stm32f10x_md.o(.text)
    TIM4_IRQHandler                          0x0800011b   Thumb Code     0  startup_stm32f10x_md.o(.text)
    USBWakeUp_IRQHandler                     0x0800011b   Thumb Code     0  startup_stm32f10x_md.o(.text)
    USB_HP_CAN1_TX_IRQHandler                0x0800011b   Thumb Code     0  startup_stm32f10x_md.o(.text)
    USB_LP_CAN1_RX0_IRQHandler               0x0800011b   Thumb Code     0  startup_stm32f10x_md.o(.text)
    WWDG_IRQHandler                          0x0800011b   Thumb Code     0  startup_stm32f10x_md.o(.text)
    __aeabi_memset                           0x08000125   Thumb Code    14  memseta.o(.text)
    __aeabi_memset4                          0x08000125   Thumb Code     0  memseta.o(.text)
    __aeabi_memset8                          0x08000125   Thumb Code     0  memseta.o(.text)
    __aeabi_memclr                           0x08000133   Thumb Code     4  memseta.o(.text)
    __aeabi_memclr4                          0x08000133   Thumb Code     0  memseta.o(.text)
    __aeabi_memclr8                          0x08000133   Thumb Code     0  memseta.o(.text)
    _memset$wrapper                          0x08000137   Thumb Code    18  memseta.o(.text)
    strstr                                   0x08000149   Thumb Code    36  strstr.o(.text)
    strncpy                                  0x0800016d   Thumb Code    24  strncpy.o(.text)
    strcpy                                   0x08000185   Thumb Code    18  strcpy.o(.text)
    __aeabi_fmul                             0x08000197   Thumb Code   100  fmul.o(.text)
    __aeabi_fdiv                             0x080001fb   Thumb Code   124  fdiv.o(.text)
    __aeabi_dmul                             0x08000277   Thumb Code   228  dmul.o(.text)
    __aeabi_ddiv                             0x0800035b   Thumb Code   222  ddiv.o(.text)
    __aeabi_ui2f                             0x08000439   Thumb Code    10  ffltui.o(.text)
    __aeabi_f2uiz                            0x08000443   Thumb Code    40  ffixui.o(.text)
    __aeabi_d2iz                             0x0800046b   Thumb Code    62  dfixi.o(.text)
    __aeabi_f2d                              0x080004a9   Thumb Code    38  f2d.o(.text)
    __aeabi_d2f                              0x080004cf   Thumb Code    56  d2f.o(.text)
    __aeabi_cfrcmple                         0x08000509   Thumb Code    20  cfrcmple.o(.text)
    __aeabi_llsr                             0x0800051d   Thumb Code    32  llushr.o(.text)
    _ll_ushift_r                             0x0800051d   Thumb Code     0  llushr.o(.text)
    __strtod_int                             0x08000573   Thumb Code    90  strtod.o(.text)
    __I$use$fp                               0x080005d9   Thumb Code     0  iusefp.o(.text)
    _float_round                             0x080005d9   Thumb Code    18  fepilogue.o(.text)
    _float_epilogue                          0x080005eb   Thumb Code    92  fepilogue.o(.text)
    _double_round                            0x08000647   Thumb Code    30  depilogue.o(.text)
    _double_epilogue                         0x08000665   Thumb Code   156  depilogue.o(.text)
    __scatterload                            0x08000701   Thumb Code    28  init.o(.text)
    __scatterload_rt2                        0x08000701   Thumb Code     0  init.o(.text)
    __aeabi_llsl                             0x08000725   Thumb Code    30  llshl.o(.text)
    _ll_shift_l                              0x08000725   Thumb Code     0  llshl.o(.text)
    isspace                                  0x08000743   Thumb Code    10  isspace_c.o(.text)
    _scanf_real                              0x08000875   Thumb Code     0  scanf_fp.o(.text)
    _scanf_really_real                       0x08000875   Thumb Code   556  scanf_fp.o(.text)
    _sgetc                                   0x08000aad   Thumb Code    30  _sgetc.o(.text)
    _sbackspace                              0x08000acb   Thumb Code    34  _sgetc.o(.text)
    __ctype_lookup                           0x08000aed   Thumb Code    34  ctype_c.o(.text)
    __aeabi_ul2d                             0x08000b15   Thumb Code    24  dfltul.o(.text)
    ADC_Cmd                                  0x08000b2d   Thumb Code    22  stm32f10x_adc.o(i.ADC_Cmd)
    ADC_GetCalibrationStatus                 0x08000b43   Thumb Code    20  stm32f10x_adc.o(i.ADC_GetCalibrationStatus)
    ADC_GetConversionValue                   0x08000b57   Thumb Code     8  stm32f10x_adc.o(i.ADC_GetConversionValue)
    ADC_GetFlagStatus                        0x08000b5f   Thumb Code    18  stm32f10x_adc.o(i.ADC_GetFlagStatus)
    ADC_GetResetCalibrationStatus            0x08000b71   Thumb Code    20  stm32f10x_adc.o(i.ADC_GetResetCalibrationStatus)
    ADC_Init                                 0x08000b85   Thumb Code    70  stm32f10x_adc.o(i.ADC_Init)
    ADC_RegularChannelConfig                 0x08000bd5   Thumb Code   184  stm32f10x_adc.o(i.ADC_RegularChannelConfig)
    ADC_ResetCalibration                     0x08000c8d   Thumb Code    10  stm32f10x_adc.o(i.ADC_ResetCalibration)
    ADC_SoftwareStartConvCmd                 0x08000c97   Thumb Code    22  stm32f10x_adc.o(i.ADC_SoftwareStartConvCmd)
    ADC_StartCalibration                     0x08000cad   Thumb Code    10  stm32f10x_adc.o(i.ADC_StartCalibration)
    AD_GetValue                              0x08000cb9   Thumb Code    32  ad.o(i.AD_GetValue)
    AD_Init                                  0x08000cdd   Thumb Code   150  ad.o(i.AD_Init)
    BatteryLock_Reset                        0x08000d7d   Thumb Code    20  battery.o(i.BatteryLock_Reset)
    BatteryLock_off                          0x08000d95   Thumb Code    12  battery.o(i.BatteryLock_off)
    BatteryLock_on                           0x08000da5   Thumb Code    12  battery.o(i.BatteryLock_on)
    Battery_Init                             0x08000db5   Thumb Code    64  battery.o(i.Battery_Init)
    Battery_offNotify                        0x08000df9   Thumb Code    10  bluetooth.o(i.Battery_offNotify)
    Battery_openNotify                       0x08000e29   Thumb Code    10  bluetooth.o(i.Battery_openNotify)
    BlueAT_SendData                          0x08000e55   Thumb Code    28  bluetooth.o(i.BlueAT_SendData)
    Blue_Init                                0x08000e75   Thumb Code   200  bluetooth.o(i.Blue_Init)
    Blue_check                               0x08000f49   Thumb Code    30  bluetooth.o(i.Blue_check)
    BusFault_Handler                         0x08000f71   Thumb Code     4  stm32f10x_it.o(i.BusFault_Handler)
    CQS_Do                                   0x08000f75   Thumb Code   100  webandgps.o(i.CQS_Do)
    Controller_Init                          0x08000fdd   Thumb Code    38  controller.o(i.Controller_Init)
    Controller_off                           0x08001009   Thumb Code    12  controller.o(i.Controller_off)
    Controller_on                            0x08001019   Thumb Code    12  controller.o(i.Controller_on)
    DebugMon_Handler                         0x08001029   Thumb Code     2  stm32f10x_it.o(i.DebugMon_Handler)
    Delay_ms                                 0x0800102b   Thumb Code    24  delay.o(i.Delay_ms)
    Delay_us                                 0x08001043   Thumb Code    46  delay.o(i.Delay_us)
    GPIO_Init                                0x08001071   Thumb Code   278  stm32f10x_gpio.o(i.GPIO_Init)
    GPIO_ReadInputDataBit                    0x08001187   Thumb Code    18  stm32f10x_gpio.o(i.GPIO_ReadInputDataBit)
    GPIO_ResetBits                           0x08001199   Thumb Code     4  stm32f10x_gpio.o(i.GPIO_ResetBits)
    GPIO_SetBits                             0x0800119d   Thumb Code     4  stm32f10x_gpio.o(i.GPIO_SetBits)
    GPIO_WriteBit                            0x080011a1   Thumb Code    10  stm32f10x_gpio.o(i.GPIO_WriteBit)
    Get_BatteryLockStateon                   0x080011ad   Thumb Code    26  battery.o(i.Get_BatteryLockStateon)
    HardFault_Handler                        0x080011dd   Thumb Code     4  stm32f10x_it.o(i.HardFault_Handler)
    MemManage_Handler                        0x080011e1   Thumb Code     4  stm32f10x_it.o(i.MemManage_Handler)
    NMI_Handler                              0x080011e5   Thumb Code     2  stm32f10x_it.o(i.NMI_Handler)
    NVIC_Init                                0x080011e9   Thumb Code   100  misc.o(i.NVIC_Init)
    NVIC_PriorityGroupConfig                 0x08001259   Thumb Code    10  misc.o(i.NVIC_PriorityGroupConfig)
    OLED_Clear                               0x0800126d   Thumb Code    42  oled.o(i.OLED_Clear)
    OLED_I2C_Init                            0x08001299   Thumb Code    76  oled.o(i.OLED_I2C_Init)
    OLED_I2C_SendByte                        0x080012e9   Thumb Code    80  oled.o(i.OLED_I2C_SendByte)
    OLED_I2C_Start                           0x0800133d   Thumb Code    48  oled.o(i.OLED_I2C_Start)
    OLED_I2C_Stop                            0x08001371   Thumb Code    36  oled.o(i.OLED_I2C_Stop)
    OLED_Init                                0x08001399   Thumb Code   174  oled.o(i.OLED_Init)
    OLED_Pow                                 0x08001447   Thumb Code    20  oled.o(i.OLED_Pow)
    OLED_SetCursor                           0x0800145b   Thumb Code    34  oled.o(i.OLED_SetCursor)
    OLED_ShowChar                            0x0800147d   Thumb Code   110  oled.o(i.OLED_ShowChar)
    OLED_ShowNum                             0x080014f1   Thumb Code    68  oled.o(i.OLED_ShowNum)
    OLED_ShowString                          0x08001535   Thumb Code    40  oled.o(i.OLED_ShowString)
    OLED_WriteCommand                        0x0800155d   Thumb Code    32  oled.o(i.OLED_WriteCommand)
    OLED_WriteData                           0x0800157d   Thumb Code    32  oled.o(i.OLED_WriteData)
    PendSV_Handler                           0x0800159d   Thumb Code     2  stm32f10x_it.o(i.PendSV_Handler)
    RCC_ADCCLKConfig                         0x080015a1   Thumb Code    18  stm32f10x_rcc.o(i.RCC_ADCCLKConfig)
    RCC_APB1PeriphClockCmd                   0x080015b9   Thumb Code    26  stm32f10x_rcc.o(i.RCC_APB1PeriphClockCmd)
    RCC_APB2PeriphClockCmd                   0x080015d9   Thumb Code    26  stm32f10x_rcc.o(i.RCC_APB2PeriphClockCmd)
    RCC_GetClocksFreq                        0x080015f9   Thumb Code   192  stm32f10x_rcc.o(i.RCC_GetClocksFreq)
    SVC_Handler                              0x080016cd   Thumb Code     2  stm32f10x_it.o(i.SVC_Handler)
    Send_AT_Command                          0x080016cf   Thumb Code    34  bluetooth.o(i.Send_AT_Command)
    Serial_Init                              0x080016f1   Thumb Code   174  serial.o(i.Serial_Init)
    Serial_SendArray                         0x080017a9   Thumb Code    26  serial.o(i.Serial_SendArray)
    Serial_SendByte                          0x080017c5   Thumb Code    28  serial.o(i.Serial_SendByte)
    SysTick_Handler                          0x080018cd   Thumb Code     2  stm32f10x_it.o(i.SysTick_Handler)
    SystemInit                               0x080018d1   Thumb Code    78  system_stm32f10x.o(i.SystemInit)
    USART1_IRQHandler                        0x08001931   Thumb Code   140  serial.o(i.USART1_IRQHandler)
    USART2_IRQHandler                        0x080019d1   Thumb Code   380  webandgps.o(i.USART2_IRQHandler)
    USART3_IRQHandler                        0x08001bf9   Thumb Code    96  bluetooth.o(i.USART3_IRQHandler)
    USART_ClearITPendingBit                  0x08001c75   Thumb Code    30  stm32f10x_usart.o(i.USART_ClearITPendingBit)
    USART_Cmd                                0x08001c93   Thumb Code    24  stm32f10x_usart.o(i.USART_Cmd)
    USART_GetFlagStatus                      0x08001cab   Thumb Code    26  stm32f10x_usart.o(i.USART_GetFlagStatus)
    USART_GetITStatus                        0x08001cc5   Thumb Code    84  stm32f10x_usart.o(i.USART_GetITStatus)
    USART_ITConfig                           0x08001d19   Thumb Code    74  stm32f10x_usart.o(i.USART_ITConfig)
    USART_Init                               0x08001d65   Thumb Code   210  stm32f10x_usart.o(i.USART_Init)
    USART_ReceiveData                        0x08001e3d   Thumb Code    10  stm32f10x_usart.o(i.USART_ReceiveData)
    USART_SendData                           0x08001e47   Thumb Code     8  stm32f10x_usart.o(i.USART_SendData)
    UsageFault_Handler                       0x08001e4f   Thumb Code     4  stm32f10x_it.o(i.UsageFault_Handler)
    __read_errno                             0x08001e55   Thumb Code     6  errno.o(i.__read_errno)
    __scatterload_copy                       0x08001e61   Thumb Code    14  handlers.o(i.__scatterload_copy)
    __scatterload_null                       0x08001e6f   Thumb Code     2  handlers.o(i.__scatterload_null)
    __scatterload_zeroinit                   0x08001e71   Thumb Code    14  handlers.o(i.__scatterload_zeroinit)
    __set_errno                              0x08001e81   Thumb Code     6  errno.o(i.__set_errno)
    _is_digit                                0x08001e8d   Thumb Code    14  scanf_fp.o(i._is_digit)
    atof                                     0x08001e9b   Thumb Code    42  atof.o(i.atof)
    main                                     0x08001ec5   Thumb Code   696  main.o(i.main)
    unLockBikeCommand1                       0x080021a9   Thumb Code    48  controller.o(i.unLockBikeCommand1)
    unLockBikeCommand2                       0x080021d9   Thumb Code    54  controller.o(i.unLockBikeCommand2)
    unLockBikeCommand3                       0x0800220f   Thumb Code    54  controller.o(i.unLockBikeCommand3)
    OLED_F8x16                               0x08002244   Data        1520  oled.o(.constdata)
    __ctype_categories                       0x08002834   Data          64  ctype_c.o(.constdata)
    Region$$Table$$Base                      0x08002874   Number         0  anon$$obj.o(Region$$Table)
    Region$$Table$$Limit                     0x08002894   Number         0  anon$$obj.o(Region$$Table)
    Serial_RxFlag                            0x20000014   Data           1  serial.o(.data)
    netstate                                 0x20000018   Data           5  webandgps.o(.data)
    OK_Flag                                  0x2000001d   Data           1  webandgps.o(.data)
    SUCCESS_Flag                             0x2000001e   Data           1  webandgps.o(.data)
    Register_Flag                            0x2000001f   Data           1  webandgps.o(.data)
    Signal_String                            0x20000020   Data          15  webandgps.o(.data)
    fault_string                             0x2000002f   Data          10  webandgps.o(.data)
    bufferIndex                              0x2000003a   Data           2  webandgps.o(.data)
    OK_Number                                0x2000003c   Data           4  webandgps.o(.data)
    BikeLock_number                          0x20000040   Data           4  webandgps.o(.data)
    BatteryLock_number                       0x20000044   Data           4  webandgps.o(.data)
    Test_Latitude                            0x20000048   Data          15  webandgps.o(.data)
    Test_Longtitude                          0x20000057   Data          15  webandgps.o(.data)
    Site_move                                0x20000068   Data           4  webandgps.o(.data)
    Tooth_Flag                               0x2000006c   Data           4  bluetooth.o(.data)
    bufferIndex1                             0x20000070   Data           2  bluetooth.o(.data)
    ADValue                                  0x20000074   Data           2  main.o(.data)
    Voltage                                  0x20000078   Data           4  main.o(.data)
    check_tooth                              0x2000007c   Data           4  main.o(.data)
    Noblue_dirve                             0x20000080   Data           1  main.o(.data)
    Serial_RxPacket                          0x20000088   Data        1000  serial.o(.bss)
    rxBuffer                                 0x20000470   Data         128  webandgps.o(.bss)
    Lock_data                                0x200004f0   Data         128  webandgps.o(.bss)
    web_Size                                 0x20000570   Data          32  webandgps.o(.bss)
    gps_data                                 0x20000590   Data         128  webandgps.o(.bss)
    __initial_sp                             0x20000a10   Data           0  startup_stm32f10x_md.o(STACK)



==============================================================================

Memory Map of the image

  Image Entry point : 0x080000ed

  Load Region LR_IROM1 (Base: 0x08000000, Size: 0x0000291c, Max: 0x00010000, ABSOLUTE)

    Execution Region ER_IROM1 (Exec base: 0x08000000, Load base: 0x08000000, Size: 0x00002894, Max: 0x00010000, ABSOLUTE)

    Exec Addr    Load Addr    Size         Type   Attr      Idx    E Section Name        Object

    0x08000000   0x08000000   0x000000ec   Data   RO            3    RESET               startup_stm32f10x_md.o
    0x080000ec   0x080000ec   0x00000000   Code   RO         3887  * .ARM.Collect$$$$00000000  mc_w.l(entry.o)
    0x080000ec   0x080000ec   0x00000004   Code   RO         4183    .ARM.Collect$$$$00000001  mc_w.l(entry2.o)
    0x080000f0   0x080000f0   0x00000004   Code   RO         4186    .ARM.Collect$$$$00000004  mc_w.l(entry5.o)
    0x080000f4   0x080000f4   0x00000000   Code   RO         4188    .ARM.Collect$$$$00000008  mc_w.l(entry7b.o)
    0x080000f4   0x080000f4   0x00000000   Code   RO         4190    .ARM.Collect$$$$0000000A  mc_w.l(entry8b.o)
    0x080000f4   0x080000f4   0x00000008   Code   RO         4191    .ARM.Collect$$$$0000000B  mc_w.l(entry9a.o)
    0x080000fc   0x080000fc   0x00000000   Code   RO         4193    .ARM.Collect$$$$0000000D  mc_w.l(entry10a.o)
    0x080000fc   0x080000fc   0x00000000   Code   RO         4195    .ARM.Collect$$$$0000000F  mc_w.l(entry11a.o)
    0x080000fc   0x080000fc   0x00000004   Code   RO         4184    .ARM.Collect$$$$00002712  mc_w.l(entry2.o)
    0x08000100   0x08000100   0x00000024   Code   RO            4    .text               startup_stm32f10x_md.o
    0x08000124   0x08000124   0x00000024   Code   RO         3890    .text               mc_w.l(memseta.o)
    0x08000148   0x08000148   0x00000024   Code   RO         3894    .text               mc_w.l(strstr.o)
    0x0800016c   0x0800016c   0x00000018   Code   RO         3896    .text               mc_w.l(strncpy.o)
    0x08000184   0x08000184   0x00000012   Code   RO         3898    .text               mc_w.l(strcpy.o)
    0x08000196   0x08000196   0x00000064   Code   RO         4163    .text               mf_w.l(fmul.o)
    0x080001fa   0x080001fa   0x0000007c   Code   RO         4165    .text               mf_w.l(fdiv.o)
    0x08000276   0x08000276   0x000000e4   Code   RO         4167    .text               mf_w.l(dmul.o)
    0x0800035a   0x0800035a   0x000000de   Code   RO         4169    .text               mf_w.l(ddiv.o)
    0x08000438   0x08000438   0x0000000a   Code   RO         4171    .text               mf_w.l(ffltui.o)
    0x08000442   0x08000442   0x00000028   Code   RO         4173    .text               mf_w.l(ffixui.o)
    0x0800046a   0x0800046a   0x0000003e   Code   RO         4175    .text               mf_w.l(dfixi.o)
    0x080004a8   0x080004a8   0x00000026   Code   RO         4177    .text               mf_w.l(f2d.o)
    0x080004ce   0x080004ce   0x00000038   Code   RO         4179    .text               mf_w.l(d2f.o)
    0x08000506   0x08000506   0x00000002   PAD
    0x08000508   0x08000508   0x00000014   Code   RO         4181    .text               mf_w.l(cfrcmple.o)
    0x0800051c   0x0800051c   0x00000020   Code   RO         4202    .text               mc_w.l(llushr.o)
    0x0800053c   0x0800053c   0x0000009c   Code   RO         4211    .text               mc_w.l(strtod.o)
    0x080005d8   0x080005d8   0x00000000   Code   RO         4213    .text               mc_w.l(iusefp.o)
    0x080005d8   0x080005d8   0x0000006e   Code   RO         4214    .text               mf_w.l(fepilogue.o)
    0x08000646   0x08000646   0x000000ba   Code   RO         4216    .text               mf_w.l(depilogue.o)
    0x08000700   0x08000700   0x00000024   Code   RO         4224    .text               mc_w.l(init.o)
    0x08000724   0x08000724   0x0000001e   Code   RO         4226    .text               mc_w.l(llshl.o)
    0x08000742   0x08000742   0x0000000a   Code   RO         4230    .text               mc_w.l(isspace_c.o)
    0x0800074c   0x0800074c   0x00000360   Code   RO         4232    .text               mc_w.l(scanf_fp.o)
    0x08000aac   0x08000aac   0x00000040   Code   RO         4236    .text               mc_w.l(_sgetc.o)
    0x08000aec   0x08000aec   0x00000028   Code   RO         4238    .text               mc_w.l(ctype_c.o)
    0x08000b14   0x08000b14   0x00000018   Code   RO         4241    .text               mf_w.l(dfltul.o)
    0x08000b2c   0x08000b2c   0x00000016   Code   RO          202    i.ADC_Cmd           stm32f10x_adc.o
    0x08000b42   0x08000b42   0x00000014   Code   RO          210    i.ADC_GetCalibrationStatus  stm32f10x_adc.o
    0x08000b56   0x08000b56   0x00000008   Code   RO          211    i.ADC_GetConversionValue  stm32f10x_adc.o
    0x08000b5e   0x08000b5e   0x00000012   Code   RO          213    i.ADC_GetFlagStatus  stm32f10x_adc.o
    0x08000b70   0x08000b70   0x00000014   Code   RO          216    i.ADC_GetResetCalibrationStatus  stm32f10x_adc.o
    0x08000b84   0x08000b84   0x00000050   Code   RO          220    i.ADC_Init          stm32f10x_adc.o
    0x08000bd4   0x08000bd4   0x000000b8   Code   RO          224    i.ADC_RegularChannelConfig  stm32f10x_adc.o
    0x08000c8c   0x08000c8c   0x0000000a   Code   RO          225    i.ADC_ResetCalibration  stm32f10x_adc.o
    0x08000c96   0x08000c96   0x00000016   Code   RO          227    i.ADC_SoftwareStartConvCmd  stm32f10x_adc.o
    0x08000cac   0x08000cac   0x0000000a   Code   RO          229    i.ADC_StartCalibration  stm32f10x_adc.o
    0x08000cb6   0x08000cb6   0x00000002   PAD
    0x08000cb8   0x08000cb8   0x00000024   Code   RO         3399    i.AD_GetValue       ad.o
    0x08000cdc   0x08000cdc   0x000000a0   Code   RO         3400    i.AD_Init           ad.o
    0x08000d7c   0x08000d7c   0x00000018   Code   RO         3680    i.BatteryLock_Reset  battery.o
    0x08000d94   0x08000d94   0x00000010   Code   RO         3681    i.BatteryLock_off   battery.o
    0x08000da4   0x08000da4   0x00000010   Code   RO         3682    i.BatteryLock_on    battery.o
    0x08000db4   0x08000db4   0x00000044   Code   RO         3683    i.Battery_Init      battery.o
    0x08000df8   0x08000df8   0x00000030   Code   RO         3625    i.Battery_offNotify  bluetooth.o
    0x08000e28   0x08000e28   0x0000002c   Code   RO         3626    i.Battery_openNotify  bluetooth.o
    0x08000e54   0x08000e54   0x00000020   Code   RO         3627    i.BlueAT_SendData   bluetooth.o
    0x08000e74   0x08000e74   0x000000d4   Code   RO         3628    i.Blue_Init         bluetooth.o
    0x08000f48   0x08000f48   0x00000028   Code   RO         3629    i.Blue_check        bluetooth.o
    0x08000f70   0x08000f70   0x00000004   Code   RO         3820    i.BusFault_Handler  stm32f10x_it.o
    0x08000f74   0x08000f74   0x00000068   Code   RO         3426    i.CQS_Do            webandgps.o
    0x08000fdc   0x08000fdc   0x0000002c   Code   RO         3729    i.Controller_Init   controller.o
    0x08001008   0x08001008   0x00000010   Code   RO         3730    i.Controller_off    controller.o
    0x08001018   0x08001018   0x00000010   Code   RO         3731    i.Controller_on     controller.o
    0x08001028   0x08001028   0x00000002   Code   RO         3821    i.DebugMon_Handler  stm32f10x_it.o
    0x0800102a   0x0800102a   0x00000018   Code   RO         3196    i.Delay_ms          delay.o
    0x08001042   0x08001042   0x0000002e   Code   RO         3198    i.Delay_us          delay.o
    0x08001070   0x08001070   0x00000116   Code   RO         1347    i.GPIO_Init         stm32f10x_gpio.o
    0x08001186   0x08001186   0x00000012   Code   RO         1351    i.GPIO_ReadInputDataBit  stm32f10x_gpio.o
    0x08001198   0x08001198   0x00000004   Code   RO         1354    i.GPIO_ResetBits    stm32f10x_gpio.o
    0x0800119c   0x0800119c   0x00000004   Code   RO         1355    i.GPIO_SetBits      stm32f10x_gpio.o
    0x080011a0   0x080011a0   0x0000000a   Code   RO         1358    i.GPIO_WriteBit     stm32f10x_gpio.o
    0x080011aa   0x080011aa   0x00000002   PAD
    0x080011ac   0x080011ac   0x00000030   Code   RO         3685    i.Get_BatteryLockStateon  battery.o
    0x080011dc   0x080011dc   0x00000004   Code   RO         3822    i.HardFault_Handler  stm32f10x_it.o
    0x080011e0   0x080011e0   0x00000004   Code   RO         3823    i.MemManage_Handler  stm32f10x_it.o
    0x080011e4   0x080011e4   0x00000002   Code   RO         3824    i.NMI_Handler       stm32f10x_it.o
    0x080011e6   0x080011e6   0x00000002   PAD
    0x080011e8   0x080011e8   0x00000070   Code   RO          137    i.NVIC_Init         misc.o
    0x08001258   0x08001258   0x00000014   Code   RO          138    i.NVIC_PriorityGroupConfig  misc.o
    0x0800126c   0x0800126c   0x0000002a   Code   RO         3220    i.OLED_Clear        oled.o
    0x08001296   0x08001296   0x00000002   PAD
    0x08001298   0x08001298   0x00000050   Code   RO         3221    i.OLED_I2C_Init     oled.o
    0x080012e8   0x080012e8   0x00000054   Code   RO         3222    i.OLED_I2C_SendByte  oled.o
    0x0800133c   0x0800133c   0x00000034   Code   RO         3223    i.OLED_I2C_Start    oled.o
    0x08001370   0x08001370   0x00000028   Code   RO         3224    i.OLED_I2C_Stop     oled.o
    0x08001398   0x08001398   0x000000ae   Code   RO         3225    i.OLED_Init         oled.o
    0x08001446   0x08001446   0x00000014   Code   RO         3226    i.OLED_Pow          oled.o
    0x0800145a   0x0800145a   0x00000022   Code   RO         3227    i.OLED_SetCursor    oled.o
    0x0800147c   0x0800147c   0x00000074   Code   RO         3229    i.OLED_ShowChar     oled.o
    0x080014f0   0x080014f0   0x00000044   Code   RO         3231    i.OLED_ShowNum      oled.o
    0x08001534   0x08001534   0x00000028   Code   RO         3233    i.OLED_ShowString   oled.o
    0x0800155c   0x0800155c   0x00000020   Code   RO         3234    i.OLED_WriteCommand  oled.o
    0x0800157c   0x0800157c   0x00000020   Code   RO         3235    i.OLED_WriteData    oled.o
    0x0800159c   0x0800159c   0x00000002   Code   RO         3825    i.PendSV_Handler    stm32f10x_it.o
    0x0800159e   0x0800159e   0x00000002   PAD
    0x080015a0   0x080015a0   0x00000018   Code   RO         1773    i.RCC_ADCCLKConfig  stm32f10x_rcc.o
    0x080015b8   0x080015b8   0x00000020   Code   RO         1775    i.RCC_APB1PeriphClockCmd  stm32f10x_rcc.o
    0x080015d8   0x080015d8   0x00000020   Code   RO         1777    i.RCC_APB2PeriphClockCmd  stm32f10x_rcc.o
    0x080015f8   0x080015f8   0x000000d4   Code   RO         1785    i.RCC_GetClocksFreq  stm32f10x_rcc.o
    0x080016cc   0x080016cc   0x00000002   Code   RO         3826    i.SVC_Handler       stm32f10x_it.o
    0x080016ce   0x080016ce   0x00000022   Code   RO         3630    i.Send_AT_Command   bluetooth.o
    0x080016f0   0x080016f0   0x000000b8   Code   RO         3328    i.Serial_Init       serial.o
    0x080017a8   0x080017a8   0x0000001a   Code   RO         3331    i.Serial_SendArray  serial.o
    0x080017c2   0x080017c2   0x00000002   PAD
    0x080017c4   0x080017c4   0x00000020   Code   RO         3332    i.Serial_SendByte   serial.o
    0x080017e4   0x080017e4   0x00000008   Code   RO           24    i.SetSysClock       system_stm32f10x.o
    0x080017ec   0x080017ec   0x000000e0   Code   RO           25    i.SetSysClockTo72   system_stm32f10x.o
    0x080018cc   0x080018cc   0x00000002   Code   RO         3827    i.SysTick_Handler   stm32f10x_it.o
    0x080018ce   0x080018ce   0x00000002   PAD
    0x080018d0   0x080018d0   0x00000060   Code   RO           27    i.SystemInit        system_stm32f10x.o
    0x08001930   0x08001930   0x000000a0   Code   RO         3335    i.USART1_IRQHandler  serial.o
    0x080019d0   0x080019d0   0x00000228   Code   RO         3446    i.USART2_IRQHandler  webandgps.o
    0x08001bf8   0x08001bf8   0x0000007c   Code   RO         3631    i.USART3_IRQHandler  bluetooth.o
    0x08001c74   0x08001c74   0x0000001e   Code   RO         2957    i.USART_ClearITPendingBit  stm32f10x_usart.o
    0x08001c92   0x08001c92   0x00000018   Code   RO         2960    i.USART_Cmd         stm32f10x_usart.o
    0x08001caa   0x08001caa   0x0000001a   Code   RO         2963    i.USART_GetFlagStatus  stm32f10x_usart.o
    0x08001cc4   0x08001cc4   0x00000054   Code   RO         2964    i.USART_GetITStatus  stm32f10x_usart.o
    0x08001d18   0x08001d18   0x0000004a   Code   RO         2966    i.USART_ITConfig    stm32f10x_usart.o
    0x08001d62   0x08001d62   0x00000002   PAD
    0x08001d64   0x08001d64   0x000000d8   Code   RO         2967    i.USART_Init        stm32f10x_usart.o
    0x08001e3c   0x08001e3c   0x0000000a   Code   RO         2974    i.USART_ReceiveData  stm32f10x_usart.o
    0x08001e46   0x08001e46   0x00000008   Code   RO         2977    i.USART_SendData    stm32f10x_usart.o
    0x08001e4e   0x08001e4e   0x00000004   Code   RO         3828    i.UsageFault_Handler  stm32f10x_it.o
    0x08001e52   0x08001e52   0x00000002   PAD
    0x08001e54   0x08001e54   0x0000000c   Code   RO         4205    i.__read_errno      mc_w.l(errno.o)
    0x08001e60   0x08001e60   0x0000000e   Code   RO         4245    i.__scatterload_copy  mc_w.l(handlers.o)
    0x08001e6e   0x08001e6e   0x00000002   Code   RO         4246    i.__scatterload_null  mc_w.l(handlers.o)
    0x08001e70   0x08001e70   0x0000000e   Code   RO         4247    i.__scatterload_zeroinit  mc_w.l(handlers.o)
    0x08001e7e   0x08001e7e   0x00000002   PAD
    0x08001e80   0x08001e80   0x0000000c   Code   RO         4206    i.__set_errno       mc_w.l(errno.o)
    0x08001e8c   0x08001e8c   0x0000000e   Code   RO         4234    i._is_digit         mc_w.l(scanf_fp.o)
    0x08001e9a   0x08001e9a   0x0000002a   Code   RO         3884    i.atof              m_ws.l(atof.o)
    0x08001ec4   0x08001ec4   0x000002e4   Code   RO         3779    i.main              main.o
    0x080021a8   0x080021a8   0x00000030   Code   RO         3732    i.unLockBikeCommand1  controller.o
    0x080021d8   0x080021d8   0x00000036   Code   RO         3733    i.unLockBikeCommand2  controller.o
    0x0800220e   0x0800220e   0x00000036   Code   RO         3734    i.unLockBikeCommand3  controller.o
    0x08002244   0x08002244   0x000005f0   Data   RO         3236    .constdata          oled.o
    0x08002834   0x08002834   0x00000040   Data   RO         4239    .constdata          mc_w.l(ctype_c.o)
    0x08002874   0x08002874   0x00000020   Data   RO         4243    Region$$Table       anon$$obj.o


    Execution Region RW_IRAM1 (Exec base: 0x20000000, Load base: 0x08002894, Size: 0x00000a10, Max: 0x00005000, ABSOLUTE)

    Exec Addr    Load Addr    Size         Type   Attr      Idx    E Section Name        Object

    0x20000000   0x08002894   0x00000014   Data   RW         1805    .data               stm32f10x_rcc.o
    0x20000014   0x080028a8   0x00000003   Data   RW         3338    .data               serial.o
    0x20000017   0x080028ab   0x00000001   PAD
    0x20000018   0x080028ac   0x00000054   Data   RW         3450    .data               webandgps.o
    0x2000006c   0x08002900   0x00000006   Data   RW         3632    .data               bluetooth.o
    0x20000072   0x08002906   0x00000002   PAD
    0x20000074   0x08002908   0x0000000d   Data   RW         3780    .data               main.o
    0x20000081   0x08002915   0x00000003   PAD
    0x20000084   0x08002918   0x00000004   Data   RW         4207    .data               mc_w.l(errno.o)
    0x20000088        -       0x000003e8   Zero   RW         3337    .bss                serial.o
    0x20000470        -       0x000001a0   Zero   RW         3447    .bss                webandgps.o
    0x20000610        -       0x00000400   Zero   RW            1    STACK               startup_stm32f10x_md.o


==============================================================================

Image component sizes


      Code (inc. data)   RO Data    RW Data    ZI Data      Debug   Object Name

       196         14          0          0          0        964   ad.o
       172         38          0          0          0       2139   battery.o
       534        126          0          6          0       4161   bluetooth.o
       232         14          0          0          0       2654   controller.o
         0          0          0          0          0       4508   core_cm3.o
        70          0          0          0          0        850   delay.o
       740         44          0         13          0       1194   main.o
       132         22          0          0          0     213543   misc.o
       814         22       1520          0          0       6981   oled.o
       402         34          0          3       1000       2755   serial.o
        36          8        236          0       1024        780   startup_stm32f10x_md.o
       394         10          0          0          0      17797   stm32f10x_adc.o
       314          0          0          0          0      12068   stm32f10x_gpio.o
        26          0          0          0          0       3398   stm32f10x_it.o
       300         38          0         20          0      13209   stm32f10x_rcc.o
       472          6          0          0          0      12099   stm32f10x_usart.o
       328         28          0          0          0      24629   system_stm32f10x.o
       656        176          0         84        416       2704   webandgps.o

    ----------------------------------------------------------------------
      5836        580       1788        132       2440     326433   Object Totals
         0          0         32          0          0          0   (incl. Generated)
        18          0          0          6          0          0   (incl. Padding)

    ----------------------------------------------------------------------

      Code (inc. data)   RO Data    RW Data    ZI Data      Debug   Library Member Name

        42          0          0          0          0         84   atof.o
        64          0          0          0          0         84   _sgetc.o
        40          6         64          0          0         68   ctype_c.o
         0          0          0          0          0          0   entry.o
         0          0          0          0          0          0   entry10a.o
         0          0          0          0          0          0   entry11a.o
         8          4          0          0          0          0   entry2.o
         4          0          0          0          0          0   entry5.o
         0          0          0          0          0          0   entry7b.o
         0          0          0          0          0          0   entry8b.o
         8          4          0          0          0          0   entry9a.o
        24         12          0          4          0        136   errno.o
        30          0          0          0          0          0   handlers.o
        36          8          0          0          0         68   init.o
        10          0          0          0          0         68   isspace_c.o
         0          0          0          0          0          0   iusefp.o
        30          0          0          0          0         68   llshl.o
        32          0          0          0          0         68   llushr.o
        36          0          0          0          0        108   memseta.o
       878         12          0          0          0        216   scanf_fp.o
        18          0          0          0          0         68   strcpy.o
        24          0          0          0          0         76   strncpy.o
        36          0          0          0          0         80   strstr.o
       156         12          0          0          0        120   strtod.o
        20          0          0          0          0         68   cfrcmple.o
        56          0          0          0          0         88   d2f.o
       222          0          0          0          0        100   ddiv.o
       186          0          0          0          0        176   depilogue.o
        62          0          0          0          0         80   dfixi.o
        24          0          0          0          0         76   dfltul.o
       228          0          0          0          0         96   dmul.o
        38          0          0          0          0         68   f2d.o
       124          0          0          0          0         88   fdiv.o
       110          0          0          0          0        168   fepilogue.o
        40          0          0          0          0         68   ffixui.o
        10          0          0          0          0         68   ffltui.o
       100          0          0          0          0         76   fmul.o

    ----------------------------------------------------------------------
      2700         58         64          4          0       2532   Library Totals
         4          0          0          0          0          0   (incl. Padding)

    ----------------------------------------------------------------------

      Code (inc. data)   RO Data    RW Data    ZI Data      Debug   Library Name

        42          0          0          0          0         84   m_ws.l
      1434         58         64          4          0       1228   mc_w.l
      1220          0          0          0          0       1220   mf_w.l

    ----------------------------------------------------------------------
      2700         58         64          4          0       2532   Library Totals

    ----------------------------------------------------------------------

==============================================================================


      Code (inc. data)   RO Data    RW Data    ZI Data      Debug   

      8536        638       1852        136       2440     323657   Grand Totals
      8536        638       1852        136       2440     323657   ELF Image Totals
      8536        638       1852        136          0          0   ROM Totals

==============================================================================

    Total RO  Size (Code + RO Data)                10388 (  10.14kB)
    Total RW  Size (RW Data + ZI Data)              2576 (   2.52kB)
    Total ROM Size (Code + RO Data + RW Data)      10524 (  10.28kB)

==============================================================================

